Archive member included to satisfy reference by file (symbol)

c:/program files (x86)/gnu arm embedded toolchain/10 2021.10/bin/../lib/gcc/arm-none-eabi/10.3.1/../../../../arm-none-eabi/lib/thumb/v7e-m+fp/hard\libc_nano.a(lib_a-exit.o)
                              c:/program files (x86)/gnu arm embedded toolchain/10 2021.10/bin/../lib/gcc/arm-none-eabi/10.3.1/../../../../arm-none-eabi/lib/thumb/v7e-m+fp/hard/crt0.o (exit)
c:/program files (x86)/gnu arm embedded toolchain/10 2021.10/bin/../lib/gcc/arm-none-eabi/10.3.1/../../../../arm-none-eabi/lib/thumb/v7e-m+fp/hard\libc_nano.a(lib_a-impure.o)
                              c:/program files (x86)/gnu arm embedded toolchain/10 2021.10/bin/../lib/gcc/arm-none-eabi/10.3.1/../../../../arm-none-eabi/lib/thumb/v7e-m+fp/hard\libc_nano.a(lib_a-exit.o) (_global_impure_ptr)
c:/program files (x86)/gnu arm embedded toolchain/10 2021.10/bin/../lib/gcc/arm-none-eabi/10.3.1/../../../../arm-none-eabi/lib/thumb/v7e-m+fp/hard\libc_nano.a(lib_a-init.o)
                              c:/program files (x86)/gnu arm embedded toolchain/10 2021.10/bin/../lib/gcc/arm-none-eabi/10.3.1/../../../../arm-none-eabi/lib/thumb/v7e-m+fp/hard/crt0.o (__libc_init_array)
c:/program files (x86)/gnu arm embedded toolchain/10 2021.10/bin/../lib/gcc/arm-none-eabi/10.3.1/../../../../arm-none-eabi/lib/thumb/v7e-m+fp/hard\libc_nano.a(lib_a-memset.o)
                              c:/program files (x86)/gnu arm embedded toolchain/10 2021.10/bin/../lib/gcc/arm-none-eabi/10.3.1/../../../../arm-none-eabi/lib/thumb/v7e-m+fp/hard/crt0.o (memset)
c:/program files (x86)/gnu arm embedded toolchain/10 2021.10/bin/../lib/gcc/arm-none-eabi/10.3.1/../../../../arm-none-eabi/lib/thumb/v7e-m+fp/hard\libnosys.a(_exit.o)
                              c:/program files (x86)/gnu arm embedded toolchain/10 2021.10/bin/../lib/gcc/arm-none-eabi/10.3.1/../../../../arm-none-eabi/lib/thumb/v7e-m+fp/hard\libc_nano.a(lib_a-exit.o) (_exit)
c:/program files (x86)/gnu arm embedded toolchain/10 2021.10/bin/../lib/gcc/arm-none-eabi/10.3.1/thumb/v7e-m+fp/hard\libgcc.a(_aeabi_uldivmod.o)
                              build/stm32f4xx_hal_rcc.o (__aeabi_uldivmod)
c:/program files (x86)/gnu arm embedded toolchain/10 2021.10/bin/../lib/gcc/arm-none-eabi/10.3.1/thumb/v7e-m+fp/hard\libgcc.a(_udivmoddi4.o)
                              c:/program files (x86)/gnu arm embedded toolchain/10 2021.10/bin/../lib/gcc/arm-none-eabi/10.3.1/thumb/v7e-m+fp/hard\libgcc.a(_aeabi_uldivmod.o) (__udivmoddi4)
c:/program files (x86)/gnu arm embedded toolchain/10 2021.10/bin/../lib/gcc/arm-none-eabi/10.3.1/thumb/v7e-m+fp/hard\libgcc.a(_dvmd_tls.o)
                              c:/program files (x86)/gnu arm embedded toolchain/10 2021.10/bin/../lib/gcc/arm-none-eabi/10.3.1/thumb/v7e-m+fp/hard\libgcc.a(_aeabi_uldivmod.o) (__aeabi_ldiv0)

Discarded input sections

 .text          0x00000000        0x0 c:/program files (x86)/gnu arm embedded toolchain/10 2021.10/bin/../lib/gcc/arm-none-eabi/10.3.1/thumb/v7e-m+fp/hard/crti.o
 .data          0x00000000        0x0 c:/program files (x86)/gnu arm embedded toolchain/10 2021.10/bin/../lib/gcc/arm-none-eabi/10.3.1/thumb/v7e-m+fp/hard/crti.o
 .bss           0x00000000        0x0 c:/program files (x86)/gnu arm embedded toolchain/10 2021.10/bin/../lib/gcc/arm-none-eabi/10.3.1/thumb/v7e-m+fp/hard/crti.o
 .data          0x00000000        0x4 c:/program files (x86)/gnu arm embedded toolchain/10 2021.10/bin/../lib/gcc/arm-none-eabi/10.3.1/thumb/v7e-m+fp/hard/crtbegin.o
 .rodata        0x00000000       0x24 c:/program files (x86)/gnu arm embedded toolchain/10 2021.10/bin/../lib/gcc/arm-none-eabi/10.3.1/thumb/v7e-m+fp/hard/crtbegin.o
 .text          0x00000000       0x7c c:/program files (x86)/gnu arm embedded toolchain/10 2021.10/bin/../lib/gcc/arm-none-eabi/10.3.1/../../../../arm-none-eabi/lib/thumb/v7e-m+fp/hard/crt0.o
 .data          0x00000000        0x0 c:/program files (x86)/gnu arm embedded toolchain/10 2021.10/bin/../lib/gcc/arm-none-eabi/10.3.1/../../../../arm-none-eabi/lib/thumb/v7e-m+fp/hard/crt0.o
 .bss           0x00000000        0x0 c:/program files (x86)/gnu arm embedded toolchain/10 2021.10/bin/../lib/gcc/arm-none-eabi/10.3.1/../../../../arm-none-eabi/lib/thumb/v7e-m+fp/hard/crt0.o
 .ARM.extab     0x00000000        0x0 c:/program files (x86)/gnu arm embedded toolchain/10 2021.10/bin/../lib/gcc/arm-none-eabi/10.3.1/../../../../arm-none-eabi/lib/thumb/v7e-m+fp/hard/crt0.o
 .ARM.exidx     0x00000000       0x10 c:/program files (x86)/gnu arm embedded toolchain/10 2021.10/bin/../lib/gcc/arm-none-eabi/10.3.1/../../../../arm-none-eabi/lib/thumb/v7e-m+fp/hard/crt0.o
 .ARM.attributes
                0x00000000       0x1c c:/program files (x86)/gnu arm embedded toolchain/10 2021.10/bin/../lib/gcc/arm-none-eabi/10.3.1/../../../../arm-none-eabi/lib/thumb/v7e-m+fp/hard/crt0.o
 .text          0x00000000        0x0 build/main.o
 .data          0x00000000        0x0 build/main.o
 .bss           0x00000000        0x0 build/main.o
[...]
Memory Configuration

Name             Origin             Length             Attributes
RAM              0x20000000         0x00030000         xrw
CCMRAM           0x10000000         0x00010000         xrw
FLASH            0x08000000         0x00200000         xr
*default*        0x00000000         0xffffffff

Linker script and memory map

LOAD c:/program files (x86)/gnu arm embedded toolchain/10 2021.10/bin/../lib/gcc/arm-none-eabi/10.3.1/thumb/v7e-m+fp/hard/crti.o
LOAD c:/program files (x86)/gnu arm embedded toolchain/10 2021.10/bin/../lib/gcc/arm-none-eabi/10.3.1/thumb/v7e-m+fp/hard/crtbegin.o
LOAD c:/program files (x86)/gnu arm embedded toolchain/10 2021.10/bin/../lib/gcc/arm-none-eabi/10.3.1/../../../../arm-none-eabi/lib/thumb/v7e-m+fp/hard/crt0.o
LOAD build/main.o
LOAD build/stm32f4xx_hal_msp.o
LOAD build/stm32f4xx_it.o
LOAD build/system_stm32f4xx.o
LOAD build/stm32f4xx_hal.o
LOAD build/stm32f4xx_hal_cortex.o
LOAD build/stm32f4xx_hal_dma.o
LOAD build/stm32f4xx_hal_dma_ex.o
LOAD build/stm32f4xx_hal_eth.o
LOAD build/stm32f4xx_hal_exti.o
LOAD build/stm32f4xx_hal_flash.o
LOAD build/stm32f4xx_hal_flash_ex.o
LOAD build/stm32f4xx_hal_flash_ramfunc.o
LOAD build/stm32f4xx_hal_gpio.o
LOAD build/stm32f4xx_hal_pcd.o
LOAD build/stm32f4xx_hal_pcd_ex.o
LOAD build/stm32f4xx_hal_pwr.o
LOAD build/stm32f4xx_hal_pwr_ex.o
LOAD build/stm32f4xx_hal_rcc.o
LOAD build/stm32f4xx_hal_rcc_ex.o
LOAD build/stm32f4xx_hal_tim.o
LOAD build/stm32f4xx_hal_tim_ex.o
LOAD build/stm32f4xx_hal_uart.o
LOAD build/stm32f4xx_ll_usb.o
LOAD build/startup_stm32f429xx.o
LOAD c:/program files (x86)/gnu arm embedded toolchain/10 2021.10/bin/../lib/gcc/arm-none-eabi/10.3.1/../../../../arm-none-eabi/lib/thumb/v7e-m+fp/hard\libc_nano.a
LOAD c:/program files (x86)/gnu arm embedded toolchain/10 2021.10/bin/../lib/gcc/arm-none-eabi/10.3.1/../../../../arm-none-eabi/lib/thumb/v7e-m+fp/hard\libm.a
LOAD c:/program files (x86)/gnu arm embedded toolchain/10 2021.10/bin/../lib/gcc/arm-none-eabi/10.3.1/../../../../arm-none-eabi/lib/thumb/v7e-m+fp/hard\libnosys.a
START GROUP
LOAD c:/program files (x86)/gnu arm embedded toolchain/10 2021.10/bin/../lib/gcc/arm-none-eabi/10.3.1/thumb/v7e-m+fp/hard\libgcc.a
LOAD c:/program files (x86)/gnu arm embedded toolchain/10 2021.10/bin/../lib/gcc/arm-none-eabi/10.3.1/../../../../arm-none-eabi/lib/thumb/v7e-m+fp/hard\libc_nano.a
END GROUP
START GROUP
LOAD c:/program files (x86)/gnu arm embedded toolchain/10 2021.10/bin/../lib/gcc/arm-none-eabi/10.3.1/thumb/v7e-m+fp/hard\libgcc.a
LOAD c:/program files (x86)/gnu arm embedded toolchain/10 2021.10/bin/../lib/gcc/arm-none-eabi/10.3.1/../../../../arm-none-eabi/lib/thumb/v7e-m+fp/hard\libc_nano.a
END GROUP
LOAD c:/program files (x86)/gnu arm embedded toolchain/10 2021.10/bin/../lib/gcc/arm-none-eabi/10.3.1/thumb/v7e-m+fp/hard/crtend.o
LOAD c:/program files (x86)/gnu arm embedded toolchain/10 2021.10/bin/../lib/gcc/arm-none-eabi/10.3.1/thumb/v7e-m+fp/hard/crtn.o
                0x20030000                _estack = (ORIGIN (RAM) + LENGTH (RAM))
                0x00000200                _Min_Heap_Size = 0x200
                0x00000400                _Min_Stack_Size = 0x400

.isr_vector     0x08000000      0x1ac
                0x08000000                . = ALIGN (0x4)
 *(.isr_vector)
 .isr_vector    0x08000000      0x1ac build/startup_stm32f429xx.o
                0x08000000                g_pfnVectors
                0x080001ac                . = ALIGN (0x4)

.text           0x080001ac     0x1dbc
                0x080001ac                . = ALIGN (0x4)
 *(.text)
 .text          0x080001ac       0x40 c:/program files (x86)/gnu arm embedded toolchain/10 2021.10/bin/../lib/gcc/arm-none-eabi/10.3.1/thumb/v7e-m+fp/hard/crtbegin.o
 .text          0x080001ec       0x30 c:/program files (x86)/gnu arm embedded toolchain/10 2021.10/bin/../lib/gcc/arm-none-eabi/10.3.1/thumb/v7e-m+fp/hard\libgcc.a(_aeabi_uldivmod.o)
                0x080001ec                __aeabi_uldivmod
 .text          0x0800021c      0x2d0 c:/program files (x86)/gnu arm embedded toolchain/10 2021.10/bin/../lib/gcc/arm-none-eabi/10.3.1/thumb/v7e-m+fp/hard\libgcc.a(_udivmoddi4.o)
                0x0800021c                __udivmoddi4
 .text          0x080004ec        0x4 c:/program files (x86)/gnu arm embedded toolchain/10 2021.10/bin/../lib/gcc/arm-none-eabi/10.3.1/thumb/v7e-m+fp/hard\libgcc.a(_dvmd_tls.o)
                0x080004ec                __aeabi_idiv0
                0x080004ec                __aeabi_ldiv0
 *(.text*)
 .text.MX_GPIO_Init
                0x080004f0      0x108 build/main.o
 .text.Error_Handler
                0x080005f8        0x4 build/main.o
                0x080005f8                Error_Handler
 .text.MX_ETH_Init
                0x080005fc       0x6c build/main.o
 .text.MX_USART3_UART_Init
                0x08000668       0x34 build/main.o
 .text.MX_USB_OTG_FS_PCD_Init
                0x0800069c       0x34 build/main.o
 .text.SystemClock_Config
                0x080006d0       0xa8 build/main.o
                0x080006d0                SystemClock_Config
 .text.main     0x08000778       0x34 build/main.o
                0x08000778                main
 .text.HAL_MspInit
                0x080007ac       0x38 build/stm32f4xx_hal_msp.o
                0x080007ac                HAL_MspInit
 .text.HAL_ETH_MspInit
                0x080007e4      0x11c build/stm32f4xx_hal_msp.o
                0x080007e4                HAL_ETH_MspInit
 .text.HAL_UART_MspInit
                0x08000900       0x70 build/stm32f4xx_hal_msp.o
                0x08000900                HAL_UART_MspInit
 .text.HAL_PCD_MspInit
                0x08000970       0x88 build/stm32f4xx_hal_msp.o
                0x08000970                HAL_PCD_MspInit
 .text.NMI_Handler
                0x080009f8        0x2 build/stm32f4xx_it.o
                0x080009f8                NMI_Handler
 .text.HardFault_Handler
                0x080009fa        0x2 build/stm32f4xx_it.o
                0x080009fa                HardFault_Handler
 .text.MemManage_Handler
                0x080009fc        0x2 build/stm32f4xx_it.o
                0x080009fc                MemManage_Handler
 .text.BusFault_Handler
                0x080009fe        0x2 build/stm32f4xx_it.o
                0x080009fe                BusFault_Handler
 .text.UsageFault_Handler
                0x08000a00        0x2 build/stm32f4xx_it.o
                0x08000a00                UsageFault_Handler
 .text.SVC_Handler
                0x08000a02        0x2 build/stm32f4xx_it.o
                0x08000a02                SVC_Handler
 .text.DebugMon_Handler
                0x08000a04        0x2 build/stm32f4xx_it.o
                0x08000a04                DebugMon_Handler
 .text.PendSV_Handler
                0x08000a06        0x2 build/stm32f4xx_it.o
                0x08000a06                PendSV_Handler
 .text.SysTick_Handler
                0x08000a08        0x8 build/stm32f4xx_it.o
                0x08000a08                SysTick_Handler
 .text.SystemInit
                0x08000a10       0x14 build/system_stm32f4xx.o
                0x08000a10                SystemInit
 .text.HAL_InitTick
                0x08000a24       0x4c build/stm32f4xx_hal.o
                0x08000a24                HAL_InitTick
 .text.HAL_Init
                0x08000a70       0x34 build/stm32f4xx_hal.o
                0x08000a70                HAL_Init
 .text.HAL_IncTick
                0x08000aa4       0x18 build/stm32f4xx_hal.o
                0x08000aa4                HAL_IncTick
 .text.HAL_GetTick
                0x08000abc        0xc build/stm32f4xx_hal.o
                0x08000abc                HAL_GetTick
 .text.HAL_Delay
                0x08000ac8       0x28 build/stm32f4xx_hal.o
                0x08000ac8                HAL_Delay
 .text.HAL_NVIC_SetPriorityGrouping
                0x08000af0       0x24 build/stm32f4xx_hal_cortex.o
                0x08000af0                HAL_NVIC_SetPriorityGrouping
 .text.HAL_NVIC_SetPriority
                0x08000b14       0x70 build/stm32f4xx_hal_cortex.o
                0x08000b14                HAL_NVIC_SetPriority
 .text.HAL_SYSTICK_Config
                0x08000b84       0x28 build/stm32f4xx_hal_cortex.o
                0x08000b84                HAL_SYSTICK_Config
 .text.ETH_MACAddressConfig
                0x08000bac       0x30 build/stm32f4xx_hal_eth.o
 .text.ETH_DMATxDescListInit
                0x08000bdc       0x6e build/stm32f4xx_hal_eth.o
 .text.ETH_DMARxDescListInit
                0x08000c4a       0x84 build/stm32f4xx_hal_eth.o
 *fill*         0x08000cce        0x2 
 .text.ETH_SetMACConfig
                0x08000cd0       0xd4 build/stm32f4xx_hal_eth.o
 .text.ETH_SetDMAConfig
                0x08000da4       0xc0 build/stm32f4xx_hal_eth.o
 .text.ETH_MACDMAConfig
                0x08000e64       0xa2 build/stm32f4xx_hal_eth.o
 *fill*         0x08000f06        0x2 
 .text.HAL_ETH_Init
                0x08000f08       0xc0 build/stm32f4xx_hal_eth.o
                0x08000f08                HAL_ETH_Init
 .text.HAL_GPIO_Init
                0x08000fc8      0x1fc build/stm32f4xx_hal_gpio.o
                0x08000fc8                HAL_GPIO_Init
 .text.HAL_GPIO_WritePin
                0x080011c4        0xc build/stm32f4xx_hal_gpio.o
                0x080011c4                HAL_GPIO_WritePin
 .text.HAL_GPIO_TogglePin
                0x080011d0       0x12 build/stm32f4xx_hal_gpio.o
                0x080011d0                HAL_GPIO_TogglePin
 .text.HAL_PCD_Init
                0x080011e2      0x12e build/stm32f4xx_hal_pcd.o
                0x080011e2                HAL_PCD_Init
 .text.HAL_RCC_OscConfig
                0x08001310      0x3f8 build/stm32f4xx_hal_rcc.o
                0x08001310                HAL_RCC_OscConfig
 .text.HAL_RCC_GetSysClockFreq
                0x08001708       0xd4 build/stm32f4xx_hal_rcc.o
                0x08001708                HAL_RCC_GetSysClockFreq
 .text.HAL_RCC_ClockConfig
                0x080017dc      0x160 build/stm32f4xx_hal_rcc.o
                0x080017dc                HAL_RCC_ClockConfig
 .text.HAL_RCC_GetHCLKFreq
                0x0800193c        0xc build/stm32f4xx_hal_rcc.o
                0x0800193c                HAL_RCC_GetHCLKFreq
 .text.HAL_RCC_GetPCLK1Freq
                0x08001948       0x20 build/stm32f4xx_hal_rcc.o
                0x08001948                HAL_RCC_GetPCLK1Freq
 .text.HAL_RCC_GetPCLK2Freq
                0x08001968       0x20 build/stm32f4xx_hal_rcc.o
                0x08001968                HAL_RCC_GetPCLK2Freq
 .text.UART_SetConfig
                0x08001988      0x110 build/stm32f4xx_hal_uart.o
 .text.HAL_UART_Init
                0x08001a98       0x5e build/stm32f4xx_hal_uart.o
                0x08001a98                HAL_UART_Init
 *fill*         0x08001af6        0x2 
 .text.USB_CoreReset
                0x08001af8       0x50 build/stm32f4xx_ll_usb.o
 .text.USB_CoreInit
                0x08001b48       0x8a build/stm32f4xx_ll_usb.o
                0x08001b48                USB_CoreInit
 .text.USB_DisableGlobalInt
                0x08001bd2        0xc build/stm32f4xx_ll_usb.o
                0x08001bd2                USB_DisableGlobalInt
 *fill*         0x08001bde        0x2 
 .text.USB_FlushTxFifo
                0x08001be0       0x50 build/stm32f4xx_ll_usb.o
                0x08001be0                USB_FlushTxFifo
 .text.USB_FlushRxFifo
                0x08001c30       0x4c build/stm32f4xx_ll_usb.o
                0x08001c30                USB_FlushRxFifo
 .text.USB_SetDevSpeed
                0x08001c7c        0xe build/stm32f4xx_ll_usb.o
                0x08001c7c                USB_SetDevSpeed
 *fill*         0x08001c8a        0x2 
 .text.USB_DevInit
                0x08001c8c      0x190 build/stm32f4xx_ll_usb.o
                0x08001c8c                USB_DevInit
 .text.USB_DevDisconnect
                0x08001e1c       0x1c build/stm32f4xx_ll_usb.o
                0x08001e1c                USB_DevDisconnect
 .text.USB_GetMode
                0x08001e38        0x8 build/stm32f4xx_ll_usb.o
                0x08001e38                USB_GetMode
 .text.USB_SetCurrentMode
                0x08001e40       0x62 build/stm32f4xx_ll_usb.o
                0x08001e40                USB_SetCurrentMode
 *fill*         0x08001ea2        0x2 
 .text.Reset_Handler
                0x08001ea4       0x50 build/startup_stm32f429xx.o
                0x08001ea4                Reset_Handler
 .text.Default_Handler
                0x08001ef4        0x2 build/startup_stm32f429xx.o
                0x08001ef4                RTC_Alarm_IRQHandler
                0x08001ef4                HASH_RNG_IRQHandler
                0x08001ef4                EXTI2_IRQHandler
                0x08001ef4                TIM8_CC_IRQHandler
                0x08001ef4                UART8_IRQHandler
                0x08001ef4                SPI4_IRQHandler
                0x08001ef4                TIM1_CC_IRQHandler
                0x08001ef4                DMA2_Stream5_IRQHandler
                0x08001ef4                DMA1_Stream5_IRQHandler
                0x08001ef4                PVD_IRQHandler
                0x08001ef4                SDIO_IRQHandler
                0x08001ef4                TAMP_STAMP_IRQHandler
                0x08001ef4                CAN2_RX1_IRQHandler
                0x08001ef4                EXTI3_IRQHandler
                0x08001ef4                TIM8_TRG_COM_TIM14_IRQHandler
                0x08001ef4                TIM1_UP_TIM10_IRQHandler
                0x08001ef4                TIM8_UP_TIM13_IRQHandler
                0x08001ef4                I2C3_ER_IRQHandler
                0x08001ef4                EXTI0_IRQHandler
                0x08001ef4                I2C2_EV_IRQHandler
                0x08001ef4                DMA1_Stream2_IRQHandler
                0x08001ef4                CAN1_RX0_IRQHandler
                0x08001ef4                FPU_IRQHandler
                0x08001ef4                OTG_HS_WKUP_IRQHandler
                0x08001ef4                LTDC_ER_IRQHandler
                0x08001ef4                CAN2_SCE_IRQHandler
                0x08001ef4                DMA2_Stream2_IRQHandler
                0x08001ef4                SPI1_IRQHandler
                0x08001ef4                TIM6_DAC_IRQHandler
                0x08001ef4                TIM1_BRK_TIM9_IRQHandler
                0x08001ef4                DCMI_IRQHandler
                0x08001ef4                CAN2_RX0_IRQHandler
                0x08001ef4                DMA2_Stream3_IRQHandler
                0x08001ef4                USART6_IRQHandler
                0x08001ef4                USART3_IRQHandler
                0x08001ef4                CAN1_RX1_IRQHandler
                0x08001ef4                UART5_IRQHandler
                0x08001ef4                DMA2_Stream0_IRQHandler
                0x08001ef4                TIM4_IRQHandler
                0x08001ef4                I2C1_EV_IRQHandler
                0x08001ef4                DMA1_Stream6_IRQHandler
                0x08001ef4                DMA1_Stream1_IRQHandler
                0x08001ef4                UART4_IRQHandler
                0x08001ef4                TIM3_IRQHandler
                0x08001ef4                RCC_IRQHandler
                0x08001ef4                TIM8_BRK_TIM12_IRQHandler
                0x08001ef4                Default_Handler
                0x08001ef4                EXTI15_10_IRQHandler
                0x08001ef4                ADC_IRQHandler
                0x08001ef4                DMA1_Stream7_IRQHandler
                0x08001ef4                SPI5_IRQHandler
                0x08001ef4                TIM7_IRQHandler
                0x08001ef4                CAN2_TX_IRQHandler
                0x08001ef4                TIM5_IRQHandler
                0x08001ef4                DMA2_Stream7_IRQHandler
                0x08001ef4                I2C3_EV_IRQHandler
                0x08001ef4                EXTI9_5_IRQHandler
                0x08001ef4                RTC_WKUP_IRQHandler
                0x08001ef4                LTDC_IRQHandler
                0x08001ef4                ETH_WKUP_IRQHandler
                0x08001ef4                SPI2_IRQHandler
                0x08001ef4                OTG_HS_EP1_IN_IRQHandler
                0x08001ef4                DMA1_Stream0_IRQHandler
                0x08001ef4                CAN1_TX_IRQHandler
                0x08001ef4                EXTI4_IRQHandler
                0x08001ef4                ETH_IRQHandler
                0x08001ef4                OTG_HS_EP1_OUT_IRQHandler
                0x08001ef4                WWDG_IRQHandler
                0x08001ef4                SPI6_IRQHandler
                0x08001ef4                TIM2_IRQHandler
                0x08001ef4                OTG_FS_WKUP_IRQHandler
                0x08001ef4                TIM1_TRG_COM_TIM11_IRQHandler
                0x08001ef4                OTG_HS_IRQHandler
                0x08001ef4                DMA2D_IRQHandler
                0x08001ef4                EXTI1_IRQHandler
                0x08001ef4                UART7_IRQHandler
                0x08001ef4                USART2_IRQHandler
                0x08001ef4                I2C2_ER_IRQHandler
                0x08001ef4                DMA2_Stream1_IRQHandler
                0x08001ef4                CAN1_SCE_IRQHandler
                0x08001ef4                FLASH_IRQHandler
                0x08001ef4                DMA2_Stream4_IRQHandler
                0x08001ef4                USART1_IRQHandler
                0x08001ef4                OTG_FS_IRQHandler
                0x08001ef4                SPI3_IRQHandler
                0x08001ef4                DMA1_Stream4_IRQHandler
                0x08001ef4                I2C1_ER_IRQHandler
                0x08001ef4                FMC_IRQHandler
                0x08001ef4                DMA2_Stream6_IRQHandler
                0x08001ef4                SAI1_IRQHandler
                0x08001ef4                DMA1_Stream3_IRQHandler
 *fill*         0x08001ef6        0x2 
 .text.__libc_init_array
                0x08001ef8       0x48 c:/program files (x86)/gnu arm embedded toolchain/10 2021.10/bin/../lib/gcc/arm-none-eabi/10.3.1/../../../../arm-none-eabi/lib/thumb/v7e-m+fp/hard\libc_nano.a(lib_a-init.o)
                0x08001ef8                __libc_init_array
 .text.memset   0x08001f40       0x10 c:/program files (x86)/gnu arm embedded toolchain/10 2021.10/bin/../lib/gcc/arm-none-eabi/10.3.1/../../../../arm-none-eabi/lib/thumb/v7e-m+fp/hard\libc_nano.a(lib_a-memset.o)
                0x08001f40                memset
 *(.glue_7)
 .glue_7        0x08001f50        0x0 linker stubs
 *(.glue_7t)
 .glue_7t       0x08001f50        0x0 linker stubs
 *(.eh_frame)
 .eh_frame      0x08001f50        0x0 c:/program files (x86)/gnu arm embedded toolchain/10 2021.10/bin/../lib/gcc/arm-none-eabi/10.3.1/thumb/v7e-m+fp/hard/crtbegin.o
 *(.init)
 .init          0x08001f50        0x4 c:/program files (x86)/gnu arm embedded toolchain/10 2021.10/bin/../lib/gcc/arm-none-eabi/10.3.1/thumb/v7e-m+fp/hard/crti.o
                0x08001f50                _init
 .init          0x08001f54        0x8 c:/program files (x86)/gnu arm embedded toolchain/10 2021.10/bin/../lib/gcc/arm-none-eabi/10.3.1/thumb/v7e-m+fp/hard/crtn.o
 *(.fini)
 .fini          0x08001f5c        0x4 c:/program files (x86)/gnu arm embedded toolchain/10 2021.10/bin/../lib/gcc/arm-none-eabi/10.3.1/thumb/v7e-m+fp/hard/crti.o
                0x08001f5c                _fini
 .fini          0x08001f60        0x8 c:/program files (x86)/gnu arm embedded toolchain/10 2021.10/bin/../lib/gcc/arm-none-eabi/10.3.1/thumb/v7e-m+fp/hard/crtn.o
                0x08001f68                . = ALIGN (0x4)
                0x08001f68                _etext = .

.vfp11_veneer   0x08001f68        0x0
 .vfp11_veneer  0x08001f68        0x0 linker stubs

.v4_bx          0x08001f68        0x0
 .v4_bx         0x08001f68        0x0 linker stubs

.iplt           0x08001f68        0x0
 .iplt          0x08001f68        0x0 c:/program files (x86)/gnu arm embedded toolchain/10 2021.10/bin/../lib/gcc/arm-none-eabi/10.3.1/thumb/v7e-m+fp/hard/crtbegin.o

.rodata         0x08001f68       0x18
                0x08001f68                . = ALIGN (0x4)
 *(.rodata)
 *(.rodata*)
 .rodata.AHBPrescTable
                0x08001f68       0x10 build/system_stm32f4xx.o
                0x08001f68                AHBPrescTable
 .rodata.APBPrescTable
                0x08001f78        0x8 build/system_stm32f4xx.o
                0x08001f78                APBPrescTable
                0x08001f80                . = ALIGN (0x4)

.ARM.extab
 *(.ARM.extab* .gnu.linkonce.armextab.*)

.ARM            0x08001f80        0x8
                0x08001f80                __exidx_start = .
 *(.ARM.exidx*)
 .ARM.exidx     0x08001f80        0x8 c:/program files (x86)/gnu arm embedded toolchain/10 2021.10/bin/../lib/gcc/arm-none-eabi/10.3.1/thumb/v7e-m+fp/hard\libgcc.a(_udivmoddi4.o)
                0x08001f88                __exidx_end = .

.rel.dyn        0x08001f88        0x0
 .rel.iplt      0x08001f88        0x0 c:/program files (x86)/gnu arm embedded toolchain/10 2021.10/bin/../lib/gcc/arm-none-eabi/10.3.1/thumb/v7e-m+fp/hard/crtbegin.o

.preinit_array  0x08001f88        0x0
                0x08001f88                PROVIDE (__preinit_array_start = .)
 *(.preinit_array*)
                0x08001f88                PROVIDE (__preinit_array_end = .)

.init_array     0x08001f88        0x4
                0x08001f88                PROVIDE (__init_array_start = .)
 *(SORT_BY_NAME(.init_array.*))
 *(.init_array*)
 .init_array    0x08001f88        0x4 c:/program files (x86)/gnu arm embedded toolchain/10 2021.10/bin/../lib/gcc/arm-none-eabi/10.3.1/thumb/v7e-m+fp/hard/crtbegin.o
                0x08001f8c                PROVIDE (__init_array_end = .)

.fini_array     0x08001f8c        0x4
                [!provide]                PROVIDE (__fini_array_start = .)
 *(SORT_BY_NAME(.fini_array.*))
 *(.fini_array*)
 .fini_array    0x08001f8c        0x4 c:/program files (x86)/gnu arm embedded toolchain/10 2021.10/bin/../lib/gcc/arm-none-eabi/10.3.1/thumb/v7e-m+fp/hard/crtbegin.o
                [!provide]                PROVIDE (__fini_array_end = .)
                0x08001f90                _sidata = LOADADDR (.data)

.data           0x20000000        0xc load address 0x08001f90
                0x20000000                . = ALIGN (0x4)
                0x20000000                _sdata = .
 *(.data)
 *(.data*)
 .data.SystemCoreClock
                0x20000000        0x4 build/system_stm32f4xx.o
                0x20000000                SystemCoreClock
 .data.uwTickFreq
                0x20000004        0x1 build/stm32f4xx_hal.o
                0x20000004                uwTickFreq
 *fill*         0x20000005        0x3 
 .data.uwTickPrio
                0x20000008        0x4 build/stm32f4xx_hal.o
                0x20000008                uwTickPrio
                0x2000000c                . = ALIGN (0x4)
                0x2000000c                _edata = .
                0x08001f9c                _siccmram = LOADADDR (.ccmram)

.igot.plt       0x2000000c        0x0 load address 0x08001f9c
 .igot.plt      0x2000000c        0x0 c:/program files (x86)/gnu arm embedded toolchain/10 2021.10/bin/../lib/gcc/arm-none-eabi/10.3.1/thumb/v7e-m+fp/hard/crtbegin.o

.ccmram         0x10000000        0x0 load address 0x08001f9c
                0x10000000                . = ALIGN (0x4)
                0x10000000                _sccmram = .
 *(.ccmram)
 *(.ccmram*)
                0x10000000                . = ALIGN (0x4)
                0x10000000                _eccmram = .
                0x10000000                . = ALIGN (0x4)

.bss            0x2000000c      0x7a0
                0x2000000c                _sbss = .
                0x2000000c                __bss_start__ = _sbss
 *(.bss)
 .bss           0x2000000c       0x1c c:/program files (x86)/gnu arm embedded toolchain/10 2021.10/bin/../lib/gcc/arm-none-eabi/10.3.1/thumb/v7e-m+fp/hard/crtbegin.o
 *(.bss*)
 .bss.DMARxDscrTab
                0x20000028       0xa0 build/main.o
                0x20000028                DMARxDscrTab
 .bss.DMATxDscrTab
                0x200000c8       0xa0 build/main.o
                0x200000c8                DMATxDscrTab
 .bss.MACAddr.0
                0x20000168        0x6 build/main.o
 *fill*         0x2000016e        0x2 
 .bss.TxConfig  0x20000170       0x38 build/main.o
                0x20000170                TxConfig
 .bss.heth      0x200001a8       0xb0 build/main.o
                0x200001a8                heth
 .bss.hpcd_USB_OTG_FS
                0x20000258      0x50c build/main.o
                0x20000258                hpcd_USB_OTG_FS
 .bss.huart3    0x20000764       0x44 build/main.o
                0x20000764                huart3
 .bss.uwTick    0x200007a8        0x4 build/stm32f4xx_hal.o
                0x200007a8                uwTick
 *(COMMON)
                0x200007ac                . = ALIGN (0x4)
                0x200007ac                _ebss = .
                0x200007ac                __bss_end__ = _ebss

._user_heap_stack
                0x200007ac      0x604
                0x200007b0                . = ALIGN (0x8)
 *fill*         0x200007ac        0x4 
                [!provide]                PROVIDE (end = .)
                [!provide]                PROVIDE (_end = .)
                0x200009b0                . = (. + _Min_Heap_Size)
 *fill*         0x200007b0      0x200 
                0x20000db0                . = (. + _Min_Stack_Size)
 *fill*         0x200009b0      0x400 
                0x20000db0                . = ALIGN (0x8)

/DISCARD/
 libc.a(*)
 libm.a(*)
 libgcc.a(*)

.ARM.attributes
                0x00000000       0x30
 *(.ARM.attributes)
 .ARM.attributes
                0x00000000       0x1e c:/program files (x86)/gnu arm embedded toolchain/10 2021.10/bin/../lib/gcc/arm-none-eabi/10.3.1/thumb/v7e-m+fp/hard/crti.o
 .ARM.attributes
                0x0000001e       0x34 c:/program files (x86)/gnu arm embedded toolchain/10 2021.10/bin/../lib/gcc/arm-none-eabi/10.3.1/thumb/v7e-m+fp/hard/crtbegin.o
 .ARM.attributes
                0x00000052       0x34 build/main.o
 .ARM.attributes
                0x00000086       0x34 build/stm32f4xx_hal_msp.o
 .ARM.attributes
                0x000000ba       0x34 build/stm32f4xx_it.o
 .ARM.attributes
                0x000000ee       0x34 build/system_stm32f4xx.o
 .ARM.attributes
                0x00000122       0x34 build/stm32f4xx_hal.o
 .ARM.attributes
                0x00000156       0x34 build/stm32f4xx_hal_cortex.o
 .ARM.attributes
                0x0000018a       0x34 build/stm32f4xx_hal_eth.o
 .ARM.attributes
                0x000001be       0x34 build/stm32f4xx_hal_gpio.o
 .ARM.attributes
                0x000001f2       0x34 build/stm32f4xx_hal_pcd.o
 .ARM.attributes
                0x00000226       0x34 build/stm32f4xx_hal_rcc.o
 .ARM.attributes
                0x0000025a       0x34 build/stm32f4xx_hal_uart.o
 .ARM.attributes
                0x0000028e       0x34 build/stm32f4xx_ll_usb.o
 .ARM.attributes
                0x000002c2       0x21 build/startup_stm32f429xx.o
 .ARM.attributes
                0x000002e3       0x34 c:/program files (x86)/gnu arm embedded toolchain/10 2021.10/bin/../lib/gcc/arm-none-eabi/10.3.1/../../../../arm-none-eabi/lib/thumb/v7e-m+fp/hard\libc_nano.a(lib_a-init.o)
 .ARM.attributes
                0x00000317       0x34 c:/program files (x86)/gnu arm embedded toolchain/10 2021.10/bin/../lib/gcc/arm-none-eabi/10.3.1/../../../../arm-none-eabi/lib/thumb/v7e-m+fp/hard\libc_nano.a(lib_a-memset.o)
 .ARM.attributes
                0x0000034b       0x1e c:/program files (x86)/gnu arm embedded toolchain/10 2021.10/bin/../lib/gcc/arm-none-eabi/10.3.1/thumb/v7e-m+fp/hard\libgcc.a(_aeabi_uldivmod.o)
 .ARM.attributes
                0x00000369       0x34 c:/program files (x86)/gnu arm embedded toolchain/10 2021.10/bin/../lib/gcc/arm-none-eabi/10.3.1/thumb/v7e-m+fp/hard\libgcc.a(_udivmoddi4.o)
 .ARM.attributes
                0x0000039d       0x1e c:/program files (x86)/gnu arm embedded toolchain/10 2021.10/bin/../lib/gcc/arm-none-eabi/10.3.1/thumb/v7e-m+fp/hard\libgcc.a(_dvmd_tls.o)
 .ARM.attributes
                0x000003bb       0x1e c:/program files (x86)/gnu arm embedded toolchain/10 2021.10/bin/../lib/gcc/arm-none-eabi/10.3.1/thumb/v7e-m+fp/hard/crtn.o
OUTPUT(build/F429_EVAL.elf elf32-littlearm)
LOAD linker stubs
LOAD c:/program files (x86)/gnu arm embedded toolchain/10 2021.10/bin/../lib/gcc/arm-none-eabi/10.3.1/../../../../arm-none-eabi/lib/thumb/v7e-m+fp/hard\libc.a
LOAD c:/program files (x86)/gnu arm embedded toolchain/10 2021.10/bin/../lib/gcc/arm-none-eabi/10.3.1/../../../../arm-none-eabi/lib/thumb/v7e-m+fp/hard\libm.a
LOAD c:/program files (x86)/gnu arm embedded toolchain/10 2021.10/bin/../lib/gcc/arm-none-eabi/10.3.1/thumb/v7e-m+fp/hard\libgcc.a

.debug_info     0x00000000    0x120e4
 .debug_info    0x00000000     0x2001 build/main.o
 .debug_info    0x00002001     0x1c1e build/stm32f4xx_hal_msp.o
 .debug_info    0x00003c1f      0x15a build/stm32f4xx_it.o
 .debug_info    0x00003d79      0x5d5 build/system_stm32f4xx.o
 .debug_info    0x0000434e      0xb55 build/stm32f4xx_hal.o
 .debug_info    0x00004ea3     0x11aa build/stm32f4xx_hal_cortex.o
 .debug_info    0x0000604d     0x299a build/stm32f4xx_hal_eth.o
 .debug_info    0x000089e7      0x86a build/stm32f4xx_hal_gpio.o
 .debug_info    0x00009251     0x1d1e build/stm32f4xx_hal_pcd.o
 .debug_info    0x0000af6f      0xc08 build/stm32f4xx_hal_rcc.o
 .debug_info    0x0000bb77     0x43e7 build/stm32f4xx_hal_uart.o
 .debug_info    0x0000ff5e     0x2164 build/stm32f4xx_ll_usb.o
 .debug_info    0x000120c2       0x22 build/startup_stm32f429xx.o

.debug_abbrev   0x00000000     0x1d19
 .debug_abbrev  0x00000000      0x2b6 build/main.o
 .debug_abbrev  0x000002b6      0x22a build/stm32f4xx_hal_msp.o
 .debug_abbrev  0x000004e0       0x81 build/stm32f4xx_it.o
 .debug_abbrev  0x00000561      0x11b build/system_stm32f4xx.o
 .debug_abbrev  0x0000067c      0x209 build/stm32f4xx_hal.o
 .debug_abbrev  0x00000885      0x382 build/stm32f4xx_hal_cortex.o
 .debug_abbrev  0x00000c07      0x30b build/stm32f4xx_hal_eth.o
 .debug_abbrev  0x00000f12      0x22b build/stm32f4xx_hal_gpio.o
 .debug_abbrev  0x0000113d      0x2d1 build/stm32f4xx_hal_pcd.o
 .debug_abbrev  0x0000140e      0x2aa build/stm32f4xx_hal_rcc.o
 .debug_abbrev  0x000016b8      0x356 build/stm32f4xx_hal_uart.o
 .debug_abbrev  0x00001a0e      0x2f9 build/stm32f4xx_ll_usb.o
 .debug_abbrev  0x00001d07       0x12 build/startup_stm32f429xx.o

.debug_loc      0x00000000     0xca47
 .debug_loc     0x00000000       0xff build/main.o
 .debug_loc     0x000000ff      0x2e6 build/stm32f4xx_hal_msp.o
 .debug_loc     0x000003e5       0x20 build/stm32f4xx_it.o
 .debug_loc     0x00000405      0x158 build/system_stm32f4xx.o
 .debug_loc     0x0000055d      0x1e1 build/stm32f4xx_hal.o
 .debug_loc     0x0000073e      0x7a4 build/stm32f4xx_hal_cortex.o
 .debug_loc     0x00000ee2     0x1c75 build/stm32f4xx_hal_eth.o
 .debug_loc     0x00002b57      0x5e8 build/stm32f4xx_hal_gpio.o
 .debug_loc     0x0000313f     0x1777 build/stm32f4xx_hal_pcd.o
 .debug_loc     0x000048b6      0x6e4 build/stm32f4xx_hal_rcc.o
 .debug_loc     0x00004f9a     0x4fef build/stm32f4xx_hal_uart.o
 .debug_loc     0x00009f89     0x2abe build/stm32f4xx_ll_usb.o

.debug_aranges  0x00000000      0xaa0
 .debug_aranges
                0x00000000       0x50 build/main.o
 .debug_aranges
                0x00000050       0x50 build/stm32f4xx_hal_msp.o
 .debug_aranges
                0x000000a0       0x60 build/stm32f4xx_it.o
 .debug_aranges
                0x00000100       0x28 build/system_stm32f4xx.o
 .debug_aranges
                0x00000128      0x100 build/stm32f4xx_hal.o
 .debug_aranges
                0x00000228       0xa8 build/stm32f4xx_hal_cortex.o
 .debug_aranges
                0x000002d0      0x1e0 build/stm32f4xx_hal_eth.o
 .debug_aranges
                0x000004b0       0x58 build/stm32f4xx_hal_gpio.o
 .debug_aranges
                0x00000508      0x148 build/stm32f4xx_hal_pcd.o
 .debug_aranges
                0x00000650       0x88 build/stm32f4xx_hal_rcc.o
 .debug_aranges
                0x000006d8      0x200 build/stm32f4xx_hal_uart.o
 .debug_aranges
                0x000008d8      0x1a0 build/stm32f4xx_ll_usb.o
 .debug_aranges
                0x00000a78       0x28 build/startup_stm32f429xx.o

.debug_ranges   0x00000000      0xa68
 .debug_ranges  0x00000000       0x40 build/main.o
 .debug_ranges  0x00000040       0x40 build/stm32f4xx_hal_msp.o
 .debug_ranges  0x00000080       0x50 build/stm32f4xx_it.o
 .debug_ranges  0x000000d0       0x18 build/system_stm32f4xx.o
 .debug_ranges  0x000000e8       0xf0 build/stm32f4xx_hal.o
 .debug_ranges  0x000001d8       0xf8 build/stm32f4xx_hal_cortex.o
 .debug_ranges  0x000002d0      0x1d0 build/stm32f4xx_hal_eth.o
 .debug_ranges  0x000004a0       0x48 build/stm32f4xx_hal_gpio.o
 .debug_ranges  0x000004e8      0x138 build/stm32f4xx_hal_pcd.o
 .debug_ranges  0x00000620       0x90 build/stm32f4xx_hal_rcc.o
 .debug_ranges  0x000006b0      0x208 build/stm32f4xx_hal_uart.o
 .debug_ranges  0x000008b8      0x190 build/stm32f4xx_ll_usb.o
 .debug_ranges  0x00000a48       0x20 build/startup_stm32f429xx.o

.debug_line     0x00000000     0xc3cd
 .debug_line    0x00000000      0x5de build/main.o
 .debug_line    0x000005de      0x4b7 build/stm32f4xx_hal_msp.o
 .debug_line    0x00000a95      0x177 build/stm32f4xx_it.o
 .debug_line    0x00000c0c      0x264 build/system_stm32f4xx.o
 .debug_line    0x00000e70      0x5b1 build/stm32f4xx_hal.o
 .debug_line    0x00001421      0x78c build/stm32f4xx_hal_cortex.o
 .debug_line    0x00001bad     0x1bc4 build/stm32f4xx_hal_eth.o
 .debug_line    0x00003771      0x70a build/stm32f4xx_hal_gpio.o
 .debug_line    0x00003e7b     0x1570 build/stm32f4xx_hal_pcd.o
 .debug_line    0x000053eb      0xb24 build/stm32f4xx_hal_rcc.o
 .debug_line    0x00005f0f     0x4602 build/stm32f4xx_hal_uart.o
 .debug_line    0x0000a511     0x1e46 build/stm32f4xx_ll_usb.o
 .debug_line    0x0000c357       0x76 build/startup_stm32f429xx.o

.debug_str      0x00000000     0x42f2
 .debug_str     0x00000000     0x124c build/main.o
                               0x1368 (size before relaxing)
 .debug_str     0x0000124c       0xac build/stm32f4xx_hal_msp.o
                               0x106d (size before relaxing)
 .debug_str     0x000012f8       0xb4 build/stm32f4xx_it.o
                                0x20d (size before relaxing)
 .debug_str     0x000013ac       0xd8 build/system_stm32f4xx.o
                                0x366 (size before relaxing)
 .debug_str     0x00001484      0x8e7 build/stm32f4xx_hal.o
                                0xbea (size before relaxing)
 .debug_str     0x00001d6b      0x44f build/stm32f4xx_hal_cortex.o
                                0xc6e (size before relaxing)
 .debug_str     0x000021ba      0xc6c build/stm32f4xx_hal_eth.o
                               0x166f (size before relaxing)
 .debug_str     0x00002e26       0xc9 build/stm32f4xx_hal_gpio.o
                                0x4d1 (size before relaxing)
 .debug_str     0x00002eef      0x7c1 build/stm32f4xx_hal_pcd.o
                                0xda0 (size before relaxing)
 .debug_str     0x000036b0      0x18d build/stm32f4xx_hal_rcc.o
                                0x6f7 (size before relaxing)
 .debug_str     0x0000383d      0x641 build/stm32f4xx_hal_uart.o
                                0xd37 (size before relaxing)
 .debug_str     0x00003e7e      0x450 build/stm32f4xx_ll_usb.o
                                0xc7d (size before relaxing)
 .debug_str     0x000042ce       0x24 build/startup_stm32f429xx.o
                                 0x48 (size before relaxing)

.comment        0x00000000       0x49
 .comment       0x00000000       0x49 build/main.o
                                 0x4a (size before relaxing)
 .comment       0x00000049       0x4a build/stm32f4xx_hal_msp.o
 .comment       0x00000049       0x4a build/stm32f4xx_it.o
 .comment       0x00000049       0x4a build/system_stm32f4xx.o
 .comment       0x00000049       0x4a build/stm32f4xx_hal.o
 .comment       0x00000049       0x4a build/stm32f4xx_hal_cortex.o
 .comment       0x00000049       0x4a build/stm32f4xx_hal_eth.o
 .comment       0x00000049       0x4a build/stm32f4xx_hal_gpio.o
 .comment       0x00000049       0x4a build/stm32f4xx_hal_pcd.o
 .comment       0x00000049       0x4a build/stm32f4xx_hal_rcc.o
 .comment       0x00000049       0x4a build/stm32f4xx_hal_uart.o
 .comment       0x00000049       0x4a build/stm32f4xx_ll_usb.o

.debug_frame    0x00000000     0x1bc8
 .debug_frame   0x00000000       0xc4 build/main.o
 .debug_frame   0x000000c4       0xdc build/stm32f4xx_hal_msp.o
 .debug_frame   0x000001a0       0xa8 build/stm32f4xx_it.o
 .debug_frame   0x00000248       0x30 build/system_stm32f4xx.o
 .debug_frame   0x00000278      0x20c build/stm32f4xx_hal.o
 .debug_frame   0x00000484      0x148 build/stm32f4xx_hal_cortex.o
 .debug_frame   0x000005cc      0x50c build/stm32f4xx_hal_eth.o
 .debug_frame   0x00000ad8       0xd8 build/stm32f4xx_hal_gpio.o
 .debug_frame   0x00000bb0      0x388 build/stm32f4xx_hal_pcd.o
 .debug_frame   0x00000f38      0x16c build/stm32f4xx_hal_rcc.o
 .debug_frame   0x000010a4      0x5cc build/stm32f4xx_hal_uart.o
 .debug_frame   0x00001670      0x4ac build/stm32f4xx_ll_usb.o
 .debug_frame   0x00001b1c       0x2c c:/program files (x86)/gnu arm embedded toolchain/10 2021.10/bin/../lib/gcc/arm-none-eabi/10.3.1/../../../../arm-none-eabi/lib/thumb/v7e-m+fp/hard\libc_nano.a(lib_a-init.o)
 .debug_frame   0x00001b48       0x20 c:/program files (x86)/gnu arm embedded toolchain/10 2021.10/bin/../lib/gcc/arm-none-eabi/10.3.1/../../../../arm-none-eabi/lib/thumb/v7e-m+fp/hard\libc_nano.a(lib_a-memset.o)
 .debug_frame   0x00001b68       0x2c c:/program files (x86)/gnu arm embedded toolchain/10 2021.10/bin/../lib/gcc/arm-none-eabi/10.3.1/thumb/v7e-m+fp/hard\libgcc.a(_aeabi_uldivmod.o)
 .debug_frame   0x00001b94       0x34 c:/program files (x86)/gnu arm embedded toolchain/10 2021.10/bin/../lib/gcc/arm-none-eabi/10.3.1/thumb/v7e-m+fp/hard\libgcc.a(_udivmoddi4.o)

Cross Reference Table

Symbol                                            File
ADC_IRQHandler                                    build/startup_stm32f429xx.o
AHBPrescTable                                     build/system_stm32f4xx.o
                                                  build/stm32f4xx_hal_rcc.o
APBPrescTable                                     build/system_stm32f4xx.o
                                                  build/stm32f4xx_hal_rcc.o
BusFault_Handler                                  build/stm32f4xx_it.o
CAN1_RX0_IRQHandler                               build/startup_stm32f429xx.o
CAN1_RX1_IRQHandler                               build/startup_stm32f429xx.o
CAN1_SCE_IRQHandler                               build/startup_stm32f429xx.o
CAN1_TX_IRQHandler                                build/startup_stm32f429xx.o
CAN2_RX0_IRQHandler                               build/startup_stm32f429xx.o
CAN2_RX1_IRQHandler                               build/startup_stm32f429xx.o
CAN2_SCE_IRQHandler                               build/startup_stm32f429xx.o
CAN2_TX_IRQHandler                                build/startup_stm32f429xx.o
DCMI_IRQHandler                                   build/startup_stm32f429xx.o
DMA1_Stream0_IRQHandler                           build/startup_stm32f429xx.o
DMA1_Stream1_IRQHandler                           build/startup_stm32f429xx.o
DMA1_Stream2_IRQHandler                           build/startup_stm32f429xx.o
DMA1_Stream3_IRQHandler                           build/startup_stm32f429xx.o
DMA1_Stream4_IRQHandler                           build/startup_stm32f429xx.o
DMA1_Stream5_IRQHandler                           build/startup_stm32f429xx.o
DMA1_Stream6_IRQHandler                           build/startup_stm32f429xx.o
DMA1_Stream7_IRQHandler                           build/startup_stm32f429xx.o
DMA2D_IRQHandler                                  build/startup_stm32f429xx.o
DMA2_Stream0_IRQHandler                           build/startup_stm32f429xx.o
DMA2_Stream1_IRQHandler                           build/startup_stm32f429xx.o
DMA2_Stream2_IRQHandler                           build/startup_stm32f429xx.o
DMA2_Stream3_IRQHandler                           build/startup_stm32f429xx.o
DMA2_Stream4_IRQHandler                           build/startup_stm32f429xx.o
DMA2_Stream5_IRQHandler                           build/startup_stm32f429xx.o
DMA2_Stream6_IRQHandler                           build/startup_stm32f429xx.o
DMA2_Stream7_IRQHandler                           build/startup_stm32f429xx.o
DMARxDscrTab                                      build/main.o
DMATxDscrTab                                      build/main.o
DebugMon_Handler                                  build/stm32f4xx_it.o
Default_Handler                                   build/startup_stm32f429xx.o
ETH_IRQHandler                                    build/startup_stm32f429xx.o
ETH_WKUP_IRQHandler                               build/startup_stm32f429xx.o
EXTI0_IRQHandler                                  build/startup_stm32f429xx.o
EXTI15_10_IRQHandler                              build/startup_stm32f429xx.o
EXTI1_IRQHandler                                  build/startup_stm32f429xx.o
EXTI2_IRQHandler                                  build/startup_stm32f429xx.o
EXTI3_IRQHandler                                  build/startup_stm32f429xx.o
EXTI4_IRQHandler                                  build/startup_stm32f429xx.o
EXTI9_5_IRQHandler                                build/startup_stm32f429xx.o
Error_Handler                                     build/main.o
FLASH_Erase_Sector                                build/stm32f4xx_hal_flash_ex.o
                                                  build/stm32f4xx_hal_flash.o
FLASH_FlushCaches                                 build/stm32f4xx_hal_flash_ex.o
                                                  build/stm32f4xx_hal_flash.o
FLASH_IRQHandler                                  build/startup_stm32f429xx.o
FLASH_WaitForLastOperation                        build/stm32f4xx_hal_flash.o
                                                  build/stm32f4xx_hal_flash_ex.o
FMC_IRQHandler                                    build/startup_stm32f429xx.o
FPU_IRQHandler                                    build/startup_stm32f429xx.o
HAL_DBGMCU_DisableDBGSleepMode                    build/stm32f4xx_hal.o
HAL_DBGMCU_DisableDBGStandbyMode                  build/stm32f4xx_hal.o
HAL_DBGMCU_DisableDBGStopMode                     build/stm32f4xx_hal.o
HAL_DBGMCU_EnableDBGSleepMode                     build/stm32f4xx_hal.o
HAL_DBGMCU_EnableDBGStandbyMode                   build/stm32f4xx_hal.o
HAL_DBGMCU_EnableDBGStopMode                      build/stm32f4xx_hal.o
HAL_DMAEx_ChangeMemory                            build/stm32f4xx_hal_dma_ex.o
HAL_DMAEx_MultiBufferStart                        build/stm32f4xx_hal_dma_ex.o
HAL_DMAEx_MultiBufferStart_IT                     build/stm32f4xx_hal_dma_ex.o
HAL_DMA_Abort                                     build/stm32f4xx_hal_dma.o
                                                  build/stm32f4xx_hal_uart.o
HAL_DMA_Abort_IT                                  build/stm32f4xx_hal_dma.o
                                                  build/stm32f4xx_hal_uart.o
HAL_DMA_DeInit                                    build/stm32f4xx_hal_dma.o
HAL_DMA_GetError                                  build/stm32f4xx_hal_dma.o
                                                  build/stm32f4xx_hal_uart.o
HAL_DMA_GetState                                  build/stm32f4xx_hal_dma.o
HAL_DMA_IRQHandler                                build/stm32f4xx_hal_dma.o
HAL_DMA_Init                                      build/stm32f4xx_hal_dma.o
HAL_DMA_PollForTransfer                           build/stm32f4xx_hal_dma.o
HAL_DMA_RegisterCallback                          build/stm32f4xx_hal_dma.o
HAL_DMA_Start                                     build/stm32f4xx_hal_dma.o
HAL_DMA_Start_IT                                  build/stm32f4xx_hal_dma.o
                                                  build/stm32f4xx_hal_uart.o
HAL_DMA_UnRegisterCallback                        build/stm32f4xx_hal_dma.o
HAL_DeInit                                        build/stm32f4xx_hal.o
HAL_Delay                                         build/stm32f4xx_hal.o
                                                  build/stm32f4xx_ll_usb.o
                                                  build/stm32f4xx_hal_eth.o
                                                  build/main.o
HAL_DisableCompensationCell                       build/stm32f4xx_hal.o
HAL_DisableMemorySwappingBank                     build/stm32f4xx_hal.o
HAL_ETH_DeInit                                    build/stm32f4xx_hal_eth.o
HAL_ETH_EnterPowerDownMode                        build/stm32f4xx_hal_eth.o
HAL_ETH_ErrorCallback                             build/stm32f4xx_hal_eth.o
HAL_ETH_ExitPowerDownMode                         build/stm32f4xx_hal_eth.o
HAL_ETH_GetDMAConfig                              build/stm32f4xx_hal_eth.o
HAL_ETH_GetDMAError                               build/stm32f4xx_hal_eth.o
HAL_ETH_GetError                                  build/stm32f4xx_hal_eth.o
HAL_ETH_GetMACConfig                              build/stm32f4xx_hal_eth.o
HAL_ETH_GetMACError                               build/stm32f4xx_hal_eth.o
HAL_ETH_GetMACFilterConfig                        build/stm32f4xx_hal_eth.o
HAL_ETH_GetMACWakeUpSource                        build/stm32f4xx_hal_eth.o
HAL_ETH_GetRxDataErrorCode                        build/stm32f4xx_hal_eth.o
HAL_ETH_GetState                                  build/stm32f4xx_hal_eth.o
HAL_ETH_IRQHandler                                build/stm32f4xx_hal_eth.o
HAL_ETH_Init                                      build/stm32f4xx_hal_eth.o
                                                  build/main.o
HAL_ETH_MspDeInit                                 build/stm32f4xx_hal_msp.o
HAL_ETH_MspInit                                   build/stm32f4xx_hal_msp.o
HAL_ETH_PMTCallback                               build/stm32f4xx_hal_eth.o
HAL_ETH_ReadData                                  build/stm32f4xx_hal_eth.o
HAL_ETH_ReadPHYRegister                           build/stm32f4xx_hal_eth.o
HAL_ETH_RegisterRxAllocateCallback                build/stm32f4xx_hal_eth.o
HAL_ETH_RegisterRxLinkCallback                    build/stm32f4xx_hal_eth.o
HAL_ETH_RegisterTxFreeCallback                    build/stm32f4xx_hal_eth.o
HAL_ETH_ReleaseTxPacket                           build/stm32f4xx_hal_eth.o
HAL_ETH_RxAllocateCallback                        build/stm32f4xx_hal_eth.o
HAL_ETH_RxCpltCallback                            build/stm32f4xx_hal_eth.o
HAL_ETH_RxLinkCallback                            build/stm32f4xx_hal_eth.o
HAL_ETH_SetDMAConfig                              build/stm32f4xx_hal_eth.o
HAL_ETH_SetHashTable                              build/stm32f4xx_hal_eth.o
HAL_ETH_SetMACConfig                              build/stm32f4xx_hal_eth.o
HAL_ETH_SetMACFilterConfig                        build/stm32f4xx_hal_eth.o
HAL_ETH_SetMDIOClockRange                         build/stm32f4xx_hal_eth.o
HAL_ETH_SetRxVLANIdentifier                       build/stm32f4xx_hal_eth.o
HAL_ETH_SetSourceMACAddrMatch                     build/stm32f4xx_hal_eth.o
HAL_ETH_SetWakeUpFilter                           build/stm32f4xx_hal_eth.o
HAL_ETH_Start                                     build/stm32f4xx_hal_eth.o
HAL_ETH_Start_IT                                  build/stm32f4xx_hal_eth.o
HAL_ETH_Stop                                      build/stm32f4xx_hal_eth.o
HAL_ETH_Stop_IT                                   build/stm32f4xx_hal_eth.o
HAL_ETH_Transmit                                  build/stm32f4xx_hal_eth.o
HAL_ETH_Transmit_IT                               build/stm32f4xx_hal_eth.o
HAL_ETH_TxCpltCallback                            build/stm32f4xx_hal_eth.o
HAL_ETH_TxFreeCallback                            build/stm32f4xx_hal_eth.o
HAL_ETH_UnRegisterRxAllocateCallback              build/stm32f4xx_hal_eth.o
HAL_ETH_UnRegisterRxLinkCallback                  build/stm32f4xx_hal_eth.o
HAL_ETH_UnRegisterTxFreeCallback                  build/stm32f4xx_hal_eth.o
HAL_ETH_WakeUpCallback                            build/stm32f4xx_hal_eth.o
HAL_ETH_WritePHYRegister                          build/stm32f4xx_hal_eth.o
HAL_EXTI_ClearConfigLine                          build/stm32f4xx_hal_exti.o
HAL_EXTI_ClearPending                             build/stm32f4xx_hal_exti.o
HAL_EXTI_GenerateSWI                              build/stm32f4xx_hal_exti.o
HAL_EXTI_GetConfigLine                            build/stm32f4xx_hal_exti.o
HAL_EXTI_GetHandle                                build/stm32f4xx_hal_exti.o
HAL_EXTI_GetPending                               build/stm32f4xx_hal_exti.o
HAL_EXTI_IRQHandler                               build/stm32f4xx_hal_exti.o
HAL_EXTI_RegisterCallback                         build/stm32f4xx_hal_exti.o
HAL_EXTI_SetConfigLine                            build/stm32f4xx_hal_exti.o
HAL_EnableCompensationCell                        build/stm32f4xx_hal.o
HAL_EnableMemorySwappingBank                      build/stm32f4xx_hal.o
HAL_FLASHEx_AdvOBGetConfig                        build/stm32f4xx_hal_flash_ex.o
HAL_FLASHEx_AdvOBProgram                          build/stm32f4xx_hal_flash_ex.o
HAL_FLASHEx_Erase                                 build/stm32f4xx_hal_flash_ex.o
HAL_FLASHEx_Erase_IT                              build/stm32f4xx_hal_flash_ex.o
HAL_FLASHEx_OBGetConfig                           build/stm32f4xx_hal_flash_ex.o
HAL_FLASHEx_OBProgram                             build/stm32f4xx_hal_flash_ex.o
HAL_FLASHEx_OB_DeSelectPCROP                      build/stm32f4xx_hal_flash_ex.o
HAL_FLASHEx_OB_GetBank2WRP                        build/stm32f4xx_hal_flash_ex.o
HAL_FLASHEx_OB_SelectPCROP                        build/stm32f4xx_hal_flash_ex.o
HAL_FLASH_EndOfOperationCallback                  build/stm32f4xx_hal_flash.o
HAL_FLASH_GetError                                build/stm32f4xx_hal_flash.o
HAL_FLASH_IRQHandler                              build/stm32f4xx_hal_flash.o
HAL_FLASH_Lock                                    build/stm32f4xx_hal_flash.o
HAL_FLASH_OB_Launch                               build/stm32f4xx_hal_flash.o
HAL_FLASH_OB_Lock                                 build/stm32f4xx_hal_flash.o
HAL_FLASH_OB_Unlock                               build/stm32f4xx_hal_flash.o
HAL_FLASH_OperationErrorCallback                  build/stm32f4xx_hal_flash.o
HAL_FLASH_Program                                 build/stm32f4xx_hal_flash.o
HAL_FLASH_Program_IT                              build/stm32f4xx_hal_flash.o
HAL_FLASH_Unlock                                  build/stm32f4xx_hal_flash.o
HAL_GPIO_DeInit                                   build/stm32f4xx_hal_gpio.o
                                                  build/stm32f4xx_hal_msp.o
HAL_GPIO_EXTI_Callback                            build/stm32f4xx_hal_gpio.o
HAL_GPIO_EXTI_IRQHandler                          build/stm32f4xx_hal_gpio.o
HAL_GPIO_Init                                     build/stm32f4xx_hal_gpio.o
                                                  build/stm32f4xx_hal_rcc.o
                                                  build/stm32f4xx_hal_msp.o
                                                  build/main.o
HAL_GPIO_LockPin                                  build/stm32f4xx_hal_gpio.o
HAL_GPIO_ReadPin                                  build/stm32f4xx_hal_gpio.o
HAL_GPIO_TogglePin                                build/stm32f4xx_hal_gpio.o
                                                  build/main.o
HAL_GPIO_WritePin                                 build/stm32f4xx_hal_gpio.o
                                                  build/main.o
HAL_GetDEVID                                      build/stm32f4xx_hal.o
HAL_GetHalVersion                                 build/stm32f4xx_hal.o
HAL_GetREVID                                      build/stm32f4xx_hal.o
HAL_GetTick                                       build/stm32f4xx_hal.o
                                                  build/stm32f4xx_hal_uart.o
                                                  build/stm32f4xx_hal_rcc_ex.o
                                                  build/stm32f4xx_hal_rcc.o
                                                  build/stm32f4xx_hal_pwr_ex.o
                                                  build/stm32f4xx_hal_flash.o
                                                  build/stm32f4xx_hal_eth.o
                                                  build/stm32f4xx_hal_dma.o
HAL_GetTickFreq                                   build/stm32f4xx_hal.o
HAL_GetTickPrio                                   build/stm32f4xx_hal.o
HAL_GetUIDw0                                      build/stm32f4xx_hal.o
HAL_GetUIDw1                                      build/stm32f4xx_hal.o
HAL_GetUIDw2                                      build/stm32f4xx_hal.o
HAL_HalfDuplex_EnableReceiver                     build/stm32f4xx_hal_uart.o
HAL_HalfDuplex_EnableTransmitter                  build/stm32f4xx_hal_uart.o
HAL_HalfDuplex_Init                               build/stm32f4xx_hal_uart.o
HAL_IncTick                                       build/stm32f4xx_hal.o
                                                  build/stm32f4xx_it.o
HAL_Init                                          build/stm32f4xx_hal.o
                                                  build/main.o
HAL_InitTick                                      build/stm32f4xx_hal.o
                                                  build/stm32f4xx_hal_rcc_ex.o
                                                  build/stm32f4xx_hal_rcc.o
HAL_LIN_Init                                      build/stm32f4xx_hal_uart.o
HAL_LIN_SendBreak                                 build/stm32f4xx_hal_uart.o
HAL_MPU_ConfigRegion                              build/stm32f4xx_hal_cortex.o
HAL_MPU_Disable                                   build/stm32f4xx_hal_cortex.o
HAL_MPU_Enable                                    build/stm32f4xx_hal_cortex.o
HAL_MspDeInit                                     build/stm32f4xx_hal.o
HAL_MspInit                                       build/stm32f4xx_hal_msp.o
HAL_MultiProcessor_EnterMuteMode                  build/stm32f4xx_hal_uart.o
HAL_MultiProcessor_ExitMuteMode                   build/stm32f4xx_hal_uart.o
HAL_MultiProcessor_Init                           build/stm32f4xx_hal_uart.o
HAL_NVIC_ClearPendingIRQ                          build/stm32f4xx_hal_cortex.o
HAL_NVIC_DisableIRQ                               build/stm32f4xx_hal_cortex.o
HAL_NVIC_EnableIRQ                                build/stm32f4xx_hal_cortex.o
HAL_NVIC_GetActive                                build/stm32f4xx_hal_cortex.o
HAL_NVIC_GetPendingIRQ                            build/stm32f4xx_hal_cortex.o
HAL_NVIC_GetPriority                              build/stm32f4xx_hal_cortex.o
HAL_NVIC_GetPriorityGrouping                      build/stm32f4xx_hal_cortex.o
HAL_NVIC_SetPendingIRQ                            build/stm32f4xx_hal_cortex.o
HAL_NVIC_SetPriority                              build/stm32f4xx_hal_cortex.o
                                                  build/stm32f4xx_hal.o
HAL_NVIC_SetPriorityGrouping                      build/stm32f4xx_hal_cortex.o
                                                  build/stm32f4xx_hal.o
HAL_NVIC_SystemReset                              build/stm32f4xx_hal_cortex.o
HAL_PCDEx_BCD_Callback                            build/stm32f4xx_hal_pcd_ex.o
HAL_PCDEx_LPM_Callback                            build/stm32f4xx_hal_pcd_ex.o
                                                  build/stm32f4xx_hal_pcd.o
HAL_PCDEx_SetRxFiFo                               build/stm32f4xx_hal_pcd_ex.o
HAL_PCDEx_SetTxFiFo                               build/stm32f4xx_hal_pcd_ex.o
HAL_PCD_ActivateRemoteWakeup                      build/stm32f4xx_hal_pcd.o
HAL_PCD_ConnectCallback                           build/stm32f4xx_hal_pcd.o
HAL_PCD_DataInStageCallback                       build/stm32f4xx_hal_pcd.o
HAL_PCD_DataOutStageCallback                      build/stm32f4xx_hal_pcd.o
HAL_PCD_DeActivateRemoteWakeup                    build/stm32f4xx_hal_pcd.o
HAL_PCD_DeInit                                    build/stm32f4xx_hal_pcd.o
HAL_PCD_DevConnect                                build/stm32f4xx_hal_pcd.o
HAL_PCD_DevDisconnect                             build/stm32f4xx_hal_pcd.o
HAL_PCD_DisconnectCallback                        build/stm32f4xx_hal_pcd.o
HAL_PCD_EP_Abort                                  build/stm32f4xx_hal_pcd.o
HAL_PCD_EP_Close                                  build/stm32f4xx_hal_pcd.o
HAL_PCD_EP_ClrStall                               build/stm32f4xx_hal_pcd.o
HAL_PCD_EP_Flush                                  build/stm32f4xx_hal_pcd.o
HAL_PCD_EP_GetRxCount                             build/stm32f4xx_hal_pcd.o
HAL_PCD_EP_Open                                   build/stm32f4xx_hal_pcd.o
HAL_PCD_EP_Receive                                build/stm32f4xx_hal_pcd.o
HAL_PCD_EP_SetStall                               build/stm32f4xx_hal_pcd.o
HAL_PCD_EP_Transmit                               build/stm32f4xx_hal_pcd.o
HAL_PCD_GetState                                  build/stm32f4xx_hal_pcd.o
HAL_PCD_IRQHandler                                build/stm32f4xx_hal_pcd.o
HAL_PCD_ISOINIncompleteCallback                   build/stm32f4xx_hal_pcd.o
HAL_PCD_ISOOUTIncompleteCallback                  build/stm32f4xx_hal_pcd.o
HAL_PCD_Init                                      build/stm32f4xx_hal_pcd.o
                                                  build/main.o
HAL_PCD_MspDeInit                                 build/stm32f4xx_hal_msp.o
HAL_PCD_MspInit                                   build/stm32f4xx_hal_msp.o
HAL_PCD_ResetCallback                             build/stm32f4xx_hal_pcd.o
HAL_PCD_ResumeCallback                            build/stm32f4xx_hal_pcd.o
HAL_PCD_SOFCallback                               build/stm32f4xx_hal_pcd.o
HAL_PCD_SetAddress                                build/stm32f4xx_hal_pcd.o
HAL_PCD_SetTestMode                               build/stm32f4xx_hal_pcd.o
HAL_PCD_SetupStageCallback                        build/stm32f4xx_hal_pcd.o
HAL_PCD_Start                                     build/stm32f4xx_hal_pcd.o
HAL_PCD_Stop                                      build/stm32f4xx_hal_pcd.o
HAL_PCD_SuspendCallback                           build/stm32f4xx_hal_pcd.o
HAL_PCD_WKUP_IRQHandler                           build/stm32f4xx_hal_pcd.o
HAL_PWREx_ControlVoltageScaling                   build/stm32f4xx_hal_pwr_ex.o
HAL_PWREx_DisableBkUpReg                          build/stm32f4xx_hal_pwr_ex.o
HAL_PWREx_DisableFlashPowerDown                   build/stm32f4xx_hal_pwr_ex.o
HAL_PWREx_DisableOverDrive                        build/stm32f4xx_hal_pwr_ex.o
HAL_PWREx_EnableBkUpReg                           build/stm32f4xx_hal_pwr_ex.o
HAL_PWREx_EnableFlashPowerDown                    build/stm32f4xx_hal_pwr_ex.o
HAL_PWREx_EnableOverDrive                         build/stm32f4xx_hal_pwr_ex.o
HAL_PWREx_EnterUnderDriveSTOPMode                 build/stm32f4xx_hal_pwr_ex.o
HAL_PWREx_GetVoltageRange                         build/stm32f4xx_hal_pwr_ex.o
HAL_PWR_ConfigPVD                                 build/stm32f4xx_hal_pwr.o
HAL_PWR_DeInit                                    build/stm32f4xx_hal_pwr.o
HAL_PWR_DisableBkUpAccess                         build/stm32f4xx_hal_pwr.o
HAL_PWR_DisablePVD                                build/stm32f4xx_hal_pwr.o
HAL_PWR_DisableSEVOnPend                          build/stm32f4xx_hal_pwr.o
HAL_PWR_DisableSleepOnExit                        build/stm32f4xx_hal_pwr.o
HAL_PWR_DisableWakeUpPin                          build/stm32f4xx_hal_pwr.o
HAL_PWR_EnableBkUpAccess                          build/stm32f4xx_hal_pwr.o
HAL_PWR_EnablePVD                                 build/stm32f4xx_hal_pwr.o
HAL_PWR_EnableSEVOnPend                           build/stm32f4xx_hal_pwr.o
HAL_PWR_EnableSleepOnExit                         build/stm32f4xx_hal_pwr.o
HAL_PWR_EnableWakeUpPin                           build/stm32f4xx_hal_pwr.o
HAL_PWR_EnterSLEEPMode                            build/stm32f4xx_hal_pwr.o
HAL_PWR_EnterSTANDBYMode                          build/stm32f4xx_hal_pwr.o
HAL_PWR_EnterSTOPMode                             build/stm32f4xx_hal_pwr.o
HAL_PWR_PVDCallback                               build/stm32f4xx_hal_pwr.o
HAL_PWR_PVD_IRQHandler                            build/stm32f4xx_hal_pwr.o
HAL_RCCEx_DisablePLLI2S                           build/stm32f4xx_hal_rcc_ex.o
HAL_RCCEx_DisablePLLSAI                           build/stm32f4xx_hal_rcc_ex.o
HAL_RCCEx_EnablePLLI2S                            build/stm32f4xx_hal_rcc_ex.o
HAL_RCCEx_EnablePLLSAI                            build/stm32f4xx_hal_rcc_ex.o
HAL_RCCEx_GetPeriphCLKConfig                      build/stm32f4xx_hal_rcc_ex.o
HAL_RCCEx_GetPeriphCLKFreq                        build/stm32f4xx_hal_rcc_ex.o
HAL_RCCEx_PeriphCLKConfig                         build/stm32f4xx_hal_rcc_ex.o
HAL_RCC_CSSCallback                               build/stm32f4xx_hal_rcc.o
HAL_RCC_ClockConfig                               build/stm32f4xx_hal_rcc.o
                                                  build/main.o
HAL_RCC_DeInit                                    build/stm32f4xx_hal_rcc_ex.o
                                                  build/stm32f4xx_hal_rcc.o
HAL_RCC_DisableCSS                                build/stm32f4xx_hal_rcc.o
HAL_RCC_EnableCSS                                 build/stm32f4xx_hal_rcc.o
HAL_RCC_GetClockConfig                            build/stm32f4xx_hal_rcc.o
HAL_RCC_GetHCLKFreq                               build/stm32f4xx_hal_rcc.o
                                                  build/stm32f4xx_hal_pcd.o
                                                  build/stm32f4xx_hal_eth.o
HAL_RCC_GetOscConfig                              build/stm32f4xx_hal_rcc.o
HAL_RCC_GetPCLK1Freq                              build/stm32f4xx_hal_rcc.o
                                                  build/stm32f4xx_hal_uart.o
HAL_RCC_GetPCLK2Freq                              build/stm32f4xx_hal_rcc.o
                                                  build/stm32f4xx_hal_uart.o
HAL_RCC_GetSysClockFreq                           build/stm32f4xx_hal_rcc.o
HAL_RCC_MCOConfig                                 build/stm32f4xx_hal_rcc.o
HAL_RCC_NMI_IRQHandler                            build/stm32f4xx_hal_rcc.o
HAL_RCC_OscConfig                                 build/stm32f4xx_hal_rcc.o
                                                  build/main.o
HAL_ResumeTick                                    build/stm32f4xx_hal.o
HAL_SYSTICK_CLKSourceConfig                       build/stm32f4xx_hal_cortex.o
HAL_SYSTICK_Callback                              build/stm32f4xx_hal_cortex.o
HAL_SYSTICK_Config                                build/stm32f4xx_hal_cortex.o
                                                  build/stm32f4xx_hal.o
HAL_SYSTICK_IRQHandler                            build/stm32f4xx_hal_cortex.o
HAL_SetTickFreq                                   build/stm32f4xx_hal.o
HAL_SuspendTick                                   build/stm32f4xx_hal.o
HAL_UARTEx_ReceiveToIdle                          build/stm32f4xx_hal_uart.o
HAL_UARTEx_ReceiveToIdle_DMA                      build/stm32f4xx_hal_uart.o
HAL_UARTEx_ReceiveToIdle_IT                       build/stm32f4xx_hal_uart.o
HAL_UARTEx_RxEventCallback                        build/stm32f4xx_hal_uart.o
HAL_UART_Abort                                    build/stm32f4xx_hal_uart.o
HAL_UART_AbortCpltCallback                        build/stm32f4xx_hal_uart.o
HAL_UART_AbortReceive                             build/stm32f4xx_hal_uart.o
HAL_UART_AbortReceiveCpltCallback                 build/stm32f4xx_hal_uart.o
HAL_UART_AbortReceive_IT                          build/stm32f4xx_hal_uart.o
HAL_UART_AbortTransmit                            build/stm32f4xx_hal_uart.o
HAL_UART_AbortTransmitCpltCallback                build/stm32f4xx_hal_uart.o
HAL_UART_AbortTransmit_IT                         build/stm32f4xx_hal_uart.o
HAL_UART_Abort_IT                                 build/stm32f4xx_hal_uart.o
HAL_UART_DMAPause                                 build/stm32f4xx_hal_uart.o
HAL_UART_DMAResume                                build/stm32f4xx_hal_uart.o
HAL_UART_DMAStop                                  build/stm32f4xx_hal_uart.o
HAL_UART_DeInit                                   build/stm32f4xx_hal_uart.o
HAL_UART_ErrorCallback                            build/stm32f4xx_hal_uart.o
HAL_UART_GetError                                 build/stm32f4xx_hal_uart.o
HAL_UART_GetState                                 build/stm32f4xx_hal_uart.o
HAL_UART_IRQHandler                               build/stm32f4xx_hal_uart.o
HAL_UART_Init                                     build/stm32f4xx_hal_uart.o
                                                  build/main.o
HAL_UART_MspDeInit                                build/stm32f4xx_hal_msp.o
HAL_UART_MspInit                                  build/stm32f4xx_hal_msp.o
HAL_UART_Receive                                  build/stm32f4xx_hal_uart.o
HAL_UART_Receive_DMA                              build/stm32f4xx_hal_uart.o
HAL_UART_Receive_IT                               build/stm32f4xx_hal_uart.o
HAL_UART_RxCpltCallback                           build/stm32f4xx_hal_uart.o
HAL_UART_RxHalfCpltCallback                       build/stm32f4xx_hal_uart.o
HAL_UART_Transmit                                 build/stm32f4xx_hal_uart.o
HAL_UART_Transmit_DMA                             build/stm32f4xx_hal_uart.o
HAL_UART_Transmit_IT                              build/stm32f4xx_hal_uart.o
HAL_UART_TxCpltCallback                           build/stm32f4xx_hal_uart.o
HAL_UART_TxHalfCpltCallback                       build/stm32f4xx_hal_uart.o
HASH_RNG_IRQHandler                               build/startup_stm32f429xx.o
HardFault_Handler                                 build/stm32f4xx_it.o
I2C1_ER_IRQHandler                                build/startup_stm32f429xx.o
I2C1_EV_IRQHandler                                build/startup_stm32f429xx.o
I2C2_ER_IRQHandler                                build/startup_stm32f429xx.o
I2C2_EV_IRQHandler                                build/startup_stm32f429xx.o
I2C3_ER_IRQHandler                                build/startup_stm32f429xx.o
I2C3_EV_IRQHandler                                build/startup_stm32f429xx.o
LTDC_ER_IRQHandler                                build/startup_stm32f429xx.o
LTDC_IRQHandler                                   build/startup_stm32f429xx.o
MemManage_Handler                                 build/stm32f4xx_it.o
NMI_Handler                                       build/stm32f4xx_it.o
OTG_FS_IRQHandler                                 build/startup_stm32f429xx.o
OTG_FS_WKUP_IRQHandler                            build/startup_stm32f429xx.o
OTG_HS_EP1_IN_IRQHandler                          build/startup_stm32f429xx.o
OTG_HS_EP1_OUT_IRQHandler                         build/startup_stm32f429xx.o
OTG_HS_IRQHandler                                 build/startup_stm32f429xx.o
OTG_HS_WKUP_IRQHandler                            build/startup_stm32f429xx.o
PVD_IRQHandler                                    build/startup_stm32f429xx.o
PendSV_Handler                                    build/stm32f4xx_it.o
RCC_IRQHandler                                    build/startup_stm32f429xx.o
RTC_Alarm_IRQHandler                              build/startup_stm32f429xx.o
RTC_WKUP_IRQHandler                               build/startup_stm32f429xx.o
Reset_Handler                                     build/startup_stm32f429xx.o
SAI1_IRQHandler                                   build/startup_stm32f429xx.o
SDIO_IRQHandler                                   build/startup_stm32f429xx.o
SPI1_IRQHandler                                   build/startup_stm32f429xx.o
SPI2_IRQHandler                                   build/startup_stm32f429xx.o
SPI3_IRQHandler                                   build/startup_stm32f429xx.o
SPI4_IRQHandler                                   build/startup_stm32f429xx.o
SPI5_IRQHandler                                   build/startup_stm32f429xx.o
SPI6_IRQHandler                                   build/startup_stm32f429xx.o
SVC_Handler                                       build/stm32f4xx_it.o
SysTick_Handler                                   build/stm32f4xx_it.o
SystemClock_Config                                build/main.o
SystemCoreClock                                   build/system_stm32f4xx.o
                                                  build/stm32f4xx_hal_rcc_ex.o
                                                  build/stm32f4xx_hal_rcc.o
                                                  build/stm32f4xx_hal_dma.o
                                                  build/stm32f4xx_hal.o
SystemCoreClockUpdate                             build/system_stm32f4xx.o
SystemInit                                        build/system_stm32f4xx.o
                                                  build/startup_stm32f429xx.o
TAMP_STAMP_IRQHandler                             build/startup_stm32f429xx.o
TIM1_BRK_TIM9_IRQHandler                          build/startup_stm32f429xx.o
TIM1_CC_IRQHandler                                build/startup_stm32f429xx.o
TIM1_TRG_COM_TIM11_IRQHandler                     build/startup_stm32f429xx.o
TIM1_UP_TIM10_IRQHandler                          build/startup_stm32f429xx.o
TIM2_IRQHandler                                   build/startup_stm32f429xx.o
TIM3_IRQHandler                                   build/startup_stm32f429xx.o
TIM4_IRQHandler                                   build/startup_stm32f429xx.o
TIM5_IRQHandler                                   build/startup_stm32f429xx.o
TIM6_DAC_IRQHandler                               build/startup_stm32f429xx.o
TIM7_IRQHandler                                   build/startup_stm32f429xx.o
TIM8_BRK_TIM12_IRQHandler                         build/startup_stm32f429xx.o
TIM8_CC_IRQHandler                                build/startup_stm32f429xx.o
TIM8_TRG_COM_TIM14_IRQHandler                     build/startup_stm32f429xx.o
TIM8_UP_TIM13_IRQHandler                          build/startup_stm32f429xx.o
TxConfig                                          build/main.o
UART4_IRQHandler                                  build/startup_stm32f429xx.o
UART5_IRQHandler                                  build/startup_stm32f429xx.o
UART7_IRQHandler                                  build/startup_stm32f429xx.o
UART8_IRQHandler                                  build/startup_stm32f429xx.o
UART_Start_Receive_DMA                            build/stm32f4xx_hal_uart.o
UART_Start_Receive_IT                             build/stm32f4xx_hal_uart.o
USART1_IRQHandler                                 build/startup_stm32f429xx.o
USART2_IRQHandler                                 build/startup_stm32f429xx.o
USART3_IRQHandler                                 build/startup_stm32f429xx.o
USART6_IRQHandler                                 build/startup_stm32f429xx.o
USB_ActivateDedicatedEndpoint                     build/stm32f4xx_ll_usb.o
USB_ActivateEndpoint                              build/stm32f4xx_ll_usb.o
                                                  build/stm32f4xx_hal_pcd.o
USB_ActivateRemoteWakeup                          build/stm32f4xx_ll_usb.o
                                                  build/stm32f4xx_hal_pcd.o
USB_ActivateSetup                                 build/stm32f4xx_ll_usb.o
                                                  build/stm32f4xx_hal_pcd.o
USB_ClearInterrupts                               build/stm32f4xx_ll_usb.o
USB_CoreInit                                      build/stm32f4xx_ll_usb.o
                                                  build/stm32f4xx_hal_pcd.o
USB_DeActivateRemoteWakeup                        build/stm32f4xx_ll_usb.o
                                                  build/stm32f4xx_hal_pcd.o
USB_DeactivateDedicatedEndpoint                   build/stm32f4xx_ll_usb.o
USB_DeactivateEndpoint                            build/stm32f4xx_ll_usb.o
                                                  build/stm32f4xx_hal_pcd.o
USB_DevConnect                                    build/stm32f4xx_ll_usb.o
                                                  build/stm32f4xx_hal_pcd.o
USB_DevDisconnect                                 build/stm32f4xx_ll_usb.o
                                                  build/stm32f4xx_hal_pcd.o
USB_DevInit                                       build/stm32f4xx_ll_usb.o
                                                  build/stm32f4xx_hal_pcd.o
USB_DisableGlobalInt                              build/stm32f4xx_ll_usb.o
                                                  build/stm32f4xx_hal_pcd.o
USB_DoPing                                        build/stm32f4xx_ll_usb.o
USB_DriveVbus                                     build/stm32f4xx_ll_usb.o
USB_EP0StartXfer                                  build/stm32f4xx_ll_usb.o
                                                  build/stm32f4xx_hal_pcd.o
USB_EP0_OutStart                                  build/stm32f4xx_ll_usb.o
                                                  build/stm32f4xx_hal_pcd.o
USB_EPClearStall                                  build/stm32f4xx_ll_usb.o
                                                  build/stm32f4xx_hal_pcd.o
USB_EPSetStall                                    build/stm32f4xx_ll_usb.o
                                                  build/stm32f4xx_hal_pcd.o
USB_EPStartXfer                                   build/stm32f4xx_ll_usb.o
                                                  build/stm32f4xx_hal_pcd.o
USB_EPStopXfer                                    build/stm32f4xx_ll_usb.o
                                                  build/stm32f4xx_hal_pcd.o
USB_EnableGlobalInt                               build/stm32f4xx_ll_usb.o
                                                  build/stm32f4xx_hal_pcd.o
USB_FlushRxFifo                                   build/stm32f4xx_ll_usb.o
                                                  build/stm32f4xx_hal_pcd.o
USB_FlushTxFifo                                   build/stm32f4xx_ll_usb.o
                                                  build/stm32f4xx_hal_pcd.o
USB_GetCurrentFrame                               build/stm32f4xx_ll_usb.o
USB_GetDevSpeed                                   build/stm32f4xx_ll_usb.o
                                                  build/stm32f4xx_hal_pcd.o
USB_GetHostSpeed                                  build/stm32f4xx_ll_usb.o
USB_GetMode                                       build/stm32f4xx_ll_usb.o
                                                  build/stm32f4xx_hal_pcd.o
USB_HC_Halt                                       build/stm32f4xx_ll_usb.o
USB_HC_Init                                       build/stm32f4xx_ll_usb.o
USB_HC_ReadInterrupt                              build/stm32f4xx_ll_usb.o
USB_HC_StartXfer                                  build/stm32f4xx_ll_usb.o
USB_HostInit                                      build/stm32f4xx_ll_usb.o
USB_InitFSLSPClkSel                               build/stm32f4xx_ll_usb.o
USB_ReadDevAllInEpInterrupt                       build/stm32f4xx_ll_usb.o
                                                  build/stm32f4xx_hal_pcd.o
USB_ReadDevAllOutEpInterrupt                      build/stm32f4xx_ll_usb.o
                                                  build/stm32f4xx_hal_pcd.o
USB_ReadDevInEPInterrupt                          build/stm32f4xx_ll_usb.o
                                                  build/stm32f4xx_hal_pcd.o
USB_ReadDevOutEPInterrupt                         build/stm32f4xx_ll_usb.o
                                                  build/stm32f4xx_hal_pcd.o
USB_ReadInterrupts                                build/stm32f4xx_ll_usb.o
                                                  build/stm32f4xx_hal_pcd.o
USB_ReadPacket                                    build/stm32f4xx_ll_usb.o
                                                  build/stm32f4xx_hal_pcd.o
USB_ResetPort                                     build/stm32f4xx_ll_usb.o
USB_SetCurrentMode                                build/stm32f4xx_ll_usb.o
                                                  build/stm32f4xx_hal_pcd.o
USB_SetDevAddress                                 build/stm32f4xx_ll_usb.o
                                                  build/stm32f4xx_hal_pcd.o
USB_SetDevSpeed                                   build/stm32f4xx_ll_usb.o
USB_SetTurnaroundTime                             build/stm32f4xx_ll_usb.o
                                                  build/stm32f4xx_hal_pcd.o
USB_StopDevice                                    build/stm32f4xx_ll_usb.o
                                                  build/stm32f4xx_hal_pcd.o
USB_StopHost                                      build/stm32f4xx_ll_usb.o
USB_WritePacket                                   build/stm32f4xx_ll_usb.o
                                                  build/stm32f4xx_hal_pcd.o
UsageFault_Handler                                build/stm32f4xx_it.o
WWDG_IRQHandler                                   build/startup_stm32f429xx.o
__aeabi_idiv0                                     c:/program files (x86)/gnu arm embedded toolchain/10 2021.10/bin/../lib/gcc/arm-none-eabi/10.3.1/thumb/v7e-m+fp/hard\libgcc.a(_dvmd_tls.o)
__aeabi_ldiv0                                     c:/program files (x86)/gnu arm embedded toolchain/10 2021.10/bin/../lib/gcc/arm-none-eabi/10.3.1/thumb/v7e-m+fp/hard\libgcc.a(_dvmd_tls.o)
                                                  c:/program files (x86)/gnu arm embedded toolchain/10 2021.10/bin/../lib/gcc/arm-none-eabi/10.3.1/thumb/v7e-m+fp/hard\libgcc.a(_aeabi_uldivmod.o)
__aeabi_uldivmod                                  c:/program files (x86)/gnu arm embedded toolchain/10 2021.10/bin/../lib/gcc/arm-none-eabi/10.3.1/thumb/v7e-m+fp/hard\libgcc.a(_aeabi_uldivmod.o)
                                                  build/stm32f4xx_hal_uart.o
                                                  build/stm32f4xx_hal_rcc.o
__bss_end__                                       c:/program files (x86)/gnu arm embedded toolchain/10 2021.10/bin/../lib/gcc/arm-none-eabi/10.3.1/../../../../arm-none-eabi/lib/thumb/v7e-m+fp/hard/crt0.o
__bss_start__                                     c:/program files (x86)/gnu arm embedded toolchain/10 2021.10/bin/../lib/gcc/arm-none-eabi/10.3.1/../../../../arm-none-eabi/lib/thumb/v7e-m+fp/hard/crt0.o
__call_exitprocs                                  c:/program files (x86)/gnu arm embedded toolchain/10 2021.10/bin/../lib/gcc/arm-none-eabi/10.3.1/../../../../arm-none-eabi/lib/thumb/v7e-m+fp/hard\libc_nano.a(lib_a-exit.o)
__deregister_frame_info                           c:/program files (x86)/gnu arm embedded toolchain/10 2021.10/bin/../lib/gcc/arm-none-eabi/10.3.1/thumb/v7e-m+fp/hard/crtbegin.o
__dso_handle                                      c:/program files (x86)/gnu arm embedded toolchain/10 2021.10/bin/../lib/gcc/arm-none-eabi/10.3.1/thumb/v7e-m+fp/hard/crtbegin.o
__init_array_end                                  c:/program files (x86)/gnu arm embedded toolchain/10 2021.10/bin/../lib/gcc/arm-none-eabi/10.3.1/../../../../arm-none-eabi/lib/thumb/v7e-m+fp/hard\libc_nano.a(lib_a-init.o)
__init_array_start                                c:/program files (x86)/gnu arm embedded toolchain/10 2021.10/bin/../lib/gcc/arm-none-eabi/10.3.1/../../../../arm-none-eabi/lib/thumb/v7e-m+fp/hard\libc_nano.a(lib_a-init.o)
__libc_fini_array                                 c:/program files (x86)/gnu arm embedded toolchain/10 2021.10/bin/../lib/gcc/arm-none-eabi/10.3.1/../../../../arm-none-eabi/lib/thumb/v7e-m+fp/hard/crt0.o
__libc_init_array                                 c:/program files (x86)/gnu arm embedded toolchain/10 2021.10/bin/../lib/gcc/arm-none-eabi/10.3.1/../../../../arm-none-eabi/lib/thumb/v7e-m+fp/hard\libc_nano.a(lib_a-init.o)
                                                  build/startup_stm32f429xx.o
                                                  c:/program files (x86)/gnu arm embedded toolchain/10 2021.10/bin/../lib/gcc/arm-none-eabi/10.3.1/../../../../arm-none-eabi/lib/thumb/v7e-m+fp/hard/crt0.o
__preinit_array_end                               c:/program files (x86)/gnu arm embedded toolchain/10 2021.10/bin/../lib/gcc/arm-none-eabi/10.3.1/../../../../arm-none-eabi/lib/thumb/v7e-m+fp/hard\libc_nano.a(lib_a-init.o)
__preinit_array_start                             c:/program files (x86)/gnu arm embedded toolchain/10 2021.10/bin/../lib/gcc/arm-none-eabi/10.3.1/../../../../arm-none-eabi/lib/thumb/v7e-m+fp/hard\libc_nano.a(lib_a-init.o)
__register_frame_info                             c:/program files (x86)/gnu arm embedded toolchain/10 2021.10/bin/../lib/gcc/arm-none-eabi/10.3.1/thumb/v7e-m+fp/hard/crtbegin.o
__sf_fake_stderr                                  c:/program files (x86)/gnu arm embedded toolchain/10 2021.10/bin/../lib/gcc/arm-none-eabi/10.3.1/../../../../arm-none-eabi/lib/thumb/v7e-m+fp/hard\libc_nano.a(lib_a-impure.o)
__sf_fake_stdin                                   c:/program files (x86)/gnu arm embedded toolchain/10 2021.10/bin/../lib/gcc/arm-none-eabi/10.3.1/../../../../arm-none-eabi/lib/thumb/v7e-m+fp/hard\libc_nano.a(lib_a-impure.o)
__sf_fake_stdout                                  c:/program files (x86)/gnu arm embedded toolchain/10 2021.10/bin/../lib/gcc/arm-none-eabi/10.3.1/../../../../arm-none-eabi/lib/thumb/v7e-m+fp/hard\libc_nano.a(lib_a-impure.o)
__stack                                           c:/program files (x86)/gnu arm embedded toolchain/10 2021.10/bin/../lib/gcc/arm-none-eabi/10.3.1/../../../../arm-none-eabi/lib/thumb/v7e-m+fp/hard/crt0.o
__udivmoddi4                                      c:/program files (x86)/gnu arm embedded toolchain/10 2021.10/bin/../lib/gcc/arm-none-eabi/10.3.1/thumb/v7e-m+fp/hard\libgcc.a(_udivmoddi4.o)
                                                  c:/program files (x86)/gnu arm embedded toolchain/10 2021.10/bin/../lib/gcc/arm-none-eabi/10.3.1/thumb/v7e-m+fp/hard\libgcc.a(_aeabi_uldivmod.o)
_ebss                                             build/startup_stm32f429xx.o
_edata                                            build/startup_stm32f429xx.o
_estack                                           build/startup_stm32f429xx.o
_exit                                             c:/program files (x86)/gnu arm embedded toolchain/10 2021.10/bin/../lib/gcc/arm-none-eabi/10.3.1/../../../../arm-none-eabi/lib/thumb/v7e-m+fp/hard\libnosys.a(_exit.o)
                                                  c:/program files (x86)/gnu arm embedded toolchain/10 2021.10/bin/../lib/gcc/arm-none-eabi/10.3.1/../../../../arm-none-eabi/lib/thumb/v7e-m+fp/hard\libc_nano.a(lib_a-exit.o)
_fini                                             c:/program files (x86)/gnu arm embedded toolchain/10 2021.10/bin/../lib/gcc/arm-none-eabi/10.3.1/thumb/v7e-m+fp/hard/crti.o
_global_impure_ptr                                c:/program files (x86)/gnu arm embedded toolchain/10 2021.10/bin/../lib/gcc/arm-none-eabi/10.3.1/../../../../arm-none-eabi/lib/thumb/v7e-m+fp/hard\libc_nano.a(lib_a-impure.o)
                                                  c:/program files (x86)/gnu arm embedded toolchain/10 2021.10/bin/../lib/gcc/arm-none-eabi/10.3.1/../../../../arm-none-eabi/lib/thumb/v7e-m+fp/hard\libc_nano.a(lib_a-exit.o)
_impure_ptr                                       c:/program files (x86)/gnu arm embedded toolchain/10 2021.10/bin/../lib/gcc/arm-none-eabi/10.3.1/../../../../arm-none-eabi/lib/thumb/v7e-m+fp/hard\libc_nano.a(lib_a-impure.o)
_init                                             c:/program files (x86)/gnu arm embedded toolchain/10 2021.10/bin/../lib/gcc/arm-none-eabi/10.3.1/thumb/v7e-m+fp/hard/crti.o
                                                  c:/program files (x86)/gnu arm embedded toolchain/10 2021.10/bin/../lib/gcc/arm-none-eabi/10.3.1/../../../../arm-none-eabi/lib/thumb/v7e-m+fp/hard\libc_nano.a(lib_a-init.o)
_mainCRTStartup                                   c:/program files (x86)/gnu arm embedded toolchain/10 2021.10/bin/../lib/gcc/arm-none-eabi/10.3.1/../../../../arm-none-eabi/lib/thumb/v7e-m+fp/hard/crt0.o
_sbss                                             build/startup_stm32f429xx.o
_sdata                                            build/startup_stm32f429xx.o
_sidata                                           build/startup_stm32f429xx.o
_stack_init                                       c:/program files (x86)/gnu arm embedded toolchain/10 2021.10/bin/../lib/gcc/arm-none-eabi/10.3.1/../../../../arm-none-eabi/lib/thumb/v7e-m+fp/hard/crt0.o
_start                                            c:/program files (x86)/gnu arm embedded toolchain/10 2021.10/bin/../lib/gcc/arm-none-eabi/10.3.1/../../../../arm-none-eabi/lib/thumb/v7e-m+fp/hard/crt0.o
atexit                                            c:/program files (x86)/gnu arm embedded toolchain/10 2021.10/bin/../lib/gcc/arm-none-eabi/10.3.1/../../../../arm-none-eabi/lib/thumb/v7e-m+fp/hard/crt0.o
exit                                              c:/program files (x86)/gnu arm embedded toolchain/10 2021.10/bin/../lib/gcc/arm-none-eabi/10.3.1/../../../../arm-none-eabi/lib/thumb/v7e-m+fp/hard\libc_nano.a(lib_a-exit.o)
                                                  c:/program files (x86)/gnu arm embedded toolchain/10 2021.10/bin/../lib/gcc/arm-none-eabi/10.3.1/../../../../arm-none-eabi/lib/thumb/v7e-m+fp/hard/crt0.o
g_pfnVectors                                      build/startup_stm32f429xx.o
hardware_init_hook                                c:/program files (x86)/gnu arm embedded toolchain/10 2021.10/bin/../lib/gcc/arm-none-eabi/10.3.1/../../../../arm-none-eabi/lib/thumb/v7e-m+fp/hard/crt0.o
heth                                              build/main.o
hpcd_USB_OTG_FS                                   build/main.o
huart3                                            build/main.o
main                                              build/main.o
                                                  build/startup_stm32f429xx.o
                                                  c:/program files (x86)/gnu arm embedded toolchain/10 2021.10/bin/../lib/gcc/arm-none-eabi/10.3.1/../../../../arm-none-eabi/lib/thumb/v7e-m+fp/hard/crt0.o
memset                                            c:/program files (x86)/gnu arm embedded toolchain/10 2021.10/bin/../lib/gcc/arm-none-eabi/10.3.1/../../../../arm-none-eabi/lib/thumb/v7e-m+fp/hard\libc_nano.a(lib_a-memset.o)
                                                  build/main.o
                                                  c:/program files (x86)/gnu arm embedded toolchain/10 2021.10/bin/../lib/gcc/arm-none-eabi/10.3.1/../../../../arm-none-eabi/lib/thumb/v7e-m+fp/hard/crt0.o
pFlash                                            build/stm32f4xx_hal_flash.o
                                                  build/stm32f4xx_hal_flash_ex.o
software_init_hook                                c:/program files (x86)/gnu arm embedded toolchain/10 2021.10/bin/../lib/gcc/arm-none-eabi/10.3.1/../../../../arm-none-eabi/lib/thumb/v7e-m+fp/hard/crt0.o
uwTick                                            build/stm32f4xx_hal.o
uwTickFreq                                        build/stm32f4xx_hal.o
uwTickPrio                                        build/stm32f4xx_hal.o
                                                  build/stm32f4xx_hal_rcc_ex.o
                                                  build/stm32f4xx_hal_rcc.o
